2026-06-21T09:18:34.3855572Z Current runner version: '2.335.1'
2026-06-21T09:18:34.3893647Z ##[group]Runner Image Provisioner
2026-06-21T09:18:34.3894973Z Hosted Compute Agent
2026-06-21T09:18:34.3896384Z Version: 20260611.554
2026-06-21T09:18:34.3897581Z Commit: 5e0782fdc9014723d3be820dd114dd31555c2bd1
2026-06-21T09:18:34.3898845Z Build Date: 2026-06-11T21:40:46Z
2026-06-21T09:18:34.3900259Z Worker ID: {4a3a15d0-5bf6-4fd3-a3a0-c22f2a5a1cfc}
2026-06-21T09:18:34.3901681Z Azure Region: eastus
2026-06-21T09:18:34.3902913Z ##[endgroup]
2026-06-21T09:18:34.3905647Z ##[group]Operating System
2026-06-21T09:18:34.3906664Z Ubuntu
2026-06-21T09:18:34.3907629Z 24.04.4
2026-06-21T09:18:34.3908499Z LTS
2026-06-21T09:18:34.3909432Z ##[endgroup]
2026-06-21T09:18:34.3910559Z ##[group]Runner Image
2026-06-21T09:18:34.3911528Z Image: ubuntu-24.04
2026-06-21T09:18:34.3912524Z Version: 20260615.205.1
2026-06-21T09:18:34.3914777Z Included Software: https://github.com/actions/runner-images/blob/ubuntu24/20260615.205/images/ubuntu/Ubuntu2404-Readme.md
2026-06-21T09:18:34.3917939Z Image Release: https://github.com/actions/runner-images/releases/tag/ubuntu24%2F20260615.205
2026-06-21T09:18:34.3919597Z ##[endgroup]
2026-06-21T09:18:34.3921676Z ##[group]GITHUB_TOKEN Permissions
2026-06-21T09:18:34.3925370Z Contents: read
2026-06-21T09:18:34.3926533Z Metadata: read
2026-06-21T09:18:34.3927439Z Packages: read
2026-06-21T09:18:34.3928451Z ##[endgroup]
2026-06-21T09:18:34.3931882Z Secret source: Actions
2026-06-21T09:18:34.3933339Z Prepare workflow directory
2026-06-21T09:18:34.4414074Z Prepare all required actions
2026-06-21T09:18:34.4471984Z Getting action download info
2026-06-21T09:18:34.7843033Z Download action repository 'actions/checkout@v4' (SHA:34e114876b0b11c390a56381ad16ebd13914f8d5)
2026-06-21T09:18:34.8750158Z Download action repository 'actions/setup-java@v4' (SHA:c1e323688fd81a25caa38c78aa6df2d33d3e20d9)
2026-06-21T09:18:35.0921956Z Download action repository 'android-actions/setup-android@v3' (SHA:9fc6c4e9069bf8d3d10b2204b1fb8f6ef7065407)
2026-06-21T09:18:35.1886743Z Download action repository 'actions/upload-artifact@v4' (SHA:ea165f8d65b6e75b540449e92b4886f43607fa02)
2026-06-21T09:18:35.4145768Z Complete job name: build
2026-06-21T09:18:35.4952700Z Node 20 is being deprecated. This workflow is running with Node 24 by default. If you need to temporarily use Node 20, you can set the ACTIONS_ALLOW_USE_UNSECURE_NODE_VERSION=true environment variable. For more information see: https://github.blog/changelog/2025-09-19-deprecation-of-node-20-on-github-actions-runners/
2026-06-21T09:18:35.4961880Z ##[group]Run actions/checkout@v4
2026-06-21T09:18:35.4962714Z with:
2026-06-21T09:18:35.4963188Z   repository: LMQ00/athena
2026-06-21T09:18:35.4968041Z   token: ***
2026-06-21T09:18:35.4968528Z   ssh-strict: true
2026-06-21T09:18:35.4969000Z   ssh-user: git
2026-06-21T09:18:35.4969491Z   persist-credentials: true
2026-06-21T09:18:35.4970014Z   clean: true
2026-06-21T09:18:35.4970504Z   sparse-checkout-cone-mode: true
2026-06-21T09:18:35.4971069Z   fetch-depth: 1
2026-06-21T09:18:35.4971559Z   fetch-tags: false
2026-06-21T09:18:35.4972036Z   show-progress: true
2026-06-21T09:18:35.4972524Z   lfs: false
2026-06-21T09:18:35.4973025Z   submodules: false
2026-06-21T09:18:35.4973517Z   set-safe-directory: true
2026-06-21T09:18:35.4974332Z ##[endgroup]
2026-06-21T09:18:35.5999763Z Syncing repository: LMQ00/athena
2026-06-21T09:18:35.6002121Z ##[group]Getting Git version info
2026-06-21T09:18:35.6003079Z Working directory is '/home/runner/work/athena/athena'
2026-06-21T09:18:35.6004459Z [command]/usr/bin/git version
2026-06-21T09:18:35.6067864Z git version 2.54.0
2026-06-21T09:18:35.6090960Z ##[endgroup]
2026-06-21T09:18:35.6108235Z Temporarily overriding HOME='/home/runner/work/_temp/bf7e0321-155f-4c4d-9bdf-0944468acb45' before making global git config changes
2026-06-21T09:18:35.6111246Z Adding repository directory to the temporary git global config as a safe directory
2026-06-21T09:18:35.6114573Z [command]/usr/bin/git config --global --add safe.directory /home/runner/work/athena/athena
2026-06-21T09:18:35.6169255Z Deleting the contents of '/home/runner/work/athena/athena'
2026-06-21T09:18:35.6173229Z ##[group]Initializing the repository
2026-06-21T09:18:35.6177936Z [command]/usr/bin/git init /home/runner/work/athena/athena
2026-06-21T09:18:35.6317866Z hint: Using 'master' as the name for the initial branch. This default branch name
2026-06-21T09:18:35.6319594Z hint: will change to "main" in Git 3.0. To configure the initial branch name
2026-06-21T09:18:35.6320929Z hint: to use in all of your new repositories, which will suppress this warning,
2026-06-21T09:18:35.6321955Z hint: call:
2026-06-21T09:18:35.6322767Z hint:
2026-06-21T09:18:35.6323533Z hint: 	git config --global init.defaultBranch <name>
2026-06-21T09:18:35.6324484Z hint:
2026-06-21T09:18:35.6326029Z hint: Names commonly chosen instead of 'master' are 'main', 'trunk' and
2026-06-21T09:18:35.6328120Z hint: 'development'. The just-created branch can be renamed via this command:
2026-06-21T09:18:35.6329796Z hint:
2026-06-21T09:18:35.6330477Z hint: 	git branch -m <name>
2026-06-21T09:18:35.6331500Z hint:
2026-06-21T09:18:35.6332795Z hint: Disable this message with "git config set advice.defaultBranchName false"
2026-06-21T09:18:35.6334078Z Initialized empty Git repository in /home/runner/work/athena/athena/.git/
2026-06-21T09:18:35.6337709Z [command]/usr/bin/git remote add origin https://github.com/LMQ00/athena
2026-06-21T09:18:35.6384018Z ##[endgroup]
2026-06-21T09:18:35.6385934Z ##[group]Disabling automatic garbage collection
2026-06-21T09:18:35.6387468Z [command]/usr/bin/git config --local gc.auto 0
2026-06-21T09:18:35.6415885Z ##[endgroup]
2026-06-21T09:18:35.6417434Z ##[group]Setting up auth
2026-06-21T09:18:35.6421750Z [command]/usr/bin/git config --local --name-only --get-regexp core\.sshCommand
2026-06-21T09:18:35.6456288Z [command]/usr/bin/git submodule foreach --recursive sh -c "git config --local --name-only --get-regexp 'core\.sshCommand' && git config --local --unset-all 'core.sshCommand' || :"
2026-06-21T09:18:35.6886494Z [command]/usr/bin/git config --local --name-only --get-regexp http\.https\:\/\/github\.com\/\.extraheader
2026-06-21T09:18:35.6918775Z [command]/usr/bin/git submodule foreach --recursive sh -c "git config --local --name-only --get-regexp 'http\.https\:\/\/github\.com\/\.extraheader' && git config --local --unset-all 'http.https://github.com/.extraheader' || :"
2026-06-21T09:18:35.7140483Z [command]/usr/bin/git config --local --name-only --get-regexp ^includeIf\.gitdir:
2026-06-21T09:18:35.7173372Z [command]/usr/bin/git submodule foreach --recursive git config --local --show-origin --name-only --get-regexp remote.origin.url
2026-06-21T09:18:35.7391753Z [command]/usr/bin/git config --local http.https://github.com/.extraheader AUTHORIZATION: basic ***
2026-06-21T09:18:35.7426752Z ##[endgroup]
2026-06-21T09:18:35.7427897Z ##[group]Fetching the repository
2026-06-21T09:18:35.7437537Z [command]/usr/bin/git -c protocol.version=2 fetch --no-tags --prune --no-recurse-submodules --depth=1 origin +60c436d7637d145e3778f4b8f726634da6fc5ec8:refs/remotes/origin/main
2026-06-21T09:18:35.9419363Z From https://github.com/LMQ00/athena
2026-06-21T09:18:35.9421259Z  * [new ref]         60c436d7637d145e3778f4b8f726634da6fc5ec8 -> origin/main
2026-06-21T09:18:35.9466718Z ##[endgroup]
2026-06-21T09:18:35.9468434Z ##[group]Determining the checkout info
2026-06-21T09:18:35.9470086Z ##[endgroup]
2026-06-21T09:18:35.9471228Z [command]/usr/bin/git sparse-checkout disable
2026-06-21T09:18:35.9513088Z [command]/usr/bin/git config --local --unset-all extensions.worktreeConfig
2026-06-21T09:18:35.9539938Z ##[group]Checking out the ref
2026-06-21T09:18:35.9543707Z [command]/usr/bin/git checkout --progress --force -B main refs/remotes/origin/main
2026-06-21T09:18:35.9647383Z Switched to a new branch 'main'
2026-06-21T09:18:35.9650765Z branch 'main' set up to track 'origin/main'.
2026-06-21T09:18:35.9656715Z ##[endgroup]
2026-06-21T09:18:35.9695631Z [command]/usr/bin/git log -1 --format=%H
2026-06-21T09:18:35.9718178Z 60c436d7637d145e3778f4b8f726634da6fc5ec8
2026-06-21T09:18:36.0107040Z Node 20 is being deprecated. This workflow is running with Node 24 by default. If you need to temporarily use Node 20, you can set the ACTIONS_ALLOW_USE_UNSECURE_NODE_VERSION=true environment variable. For more information see: https://github.blog/changelog/2025-09-19-deprecation-of-node-20-on-github-actions-runners/
2026-06-21T09:18:36.0110379Z ##[group]Run actions/setup-java@v4
2026-06-21T09:18:36.0110988Z with:
2026-06-21T09:18:36.0111424Z   java-version: 17
2026-06-21T09:18:36.0111906Z   distribution: temurin
2026-06-21T09:18:36.0112411Z   java-package: jdk
2026-06-21T09:18:36.0112894Z   check-latest: false
2026-06-21T09:18:36.0113383Z   server-id: github
2026-06-21T09:18:36.0113883Z   server-username: GITHUB_ACTOR
2026-06-21T09:18:36.0114458Z   server-password: GITHUB_TOKEN
2026-06-21T09:18:36.0115206Z   overwrite-settings: true
2026-06-21T09:18:36.0115759Z   job-status: success
2026-06-21T09:18:36.0120254Z   token: ***
2026-06-21T09:18:36.0120737Z ##[endgroup]
2026-06-21T09:18:36.1738769Z ##[group]Installed distributions
2026-06-21T09:18:36.2002605Z Resolved Java 17.0.19+10 from tool-cache
2026-06-21T09:18:36.2004229Z Setting Java 17.0.19+10 as the default
2026-06-21T09:18:36.2017338Z (node:2211) [DEP0040] DeprecationWarning: The `punycode` module is deprecated. Please use a userland alternative instead.
2026-06-21T09:18:36.2020217Z (Use `node --trace-deprecation ...` to show where the warning was created)
2026-06-21T09:18:36.2022117Z Creating toolchains.xml for JDK version 17 from temurin
2026-06-21T09:18:36.2101012Z Writing to /home/runner/.m2/toolchains.xml
2026-06-21T09:18:36.2102052Z 
2026-06-21T09:18:36.2102453Z Java configuration:
2026-06-21T09:18:36.2103710Z   Distribution: temurin
2026-06-21T09:18:36.2104754Z   Version: 17.0.19+10
2026-06-21T09:18:36.2106500Z   Path: /opt/hostedtoolcache/Java_Temurin-Hotspot_jdk/17.0.19-10/x64
2026-06-21T09:18:36.2107857Z 
2026-06-21T09:18:36.2109136Z ##[endgroup]
2026-06-21T09:18:36.2126902Z Creating settings.xml with server-id: github
2026-06-21T09:18:36.2128464Z Writing to /home/runner/.m2/settings.xml
2026-06-21T09:18:36.2317966Z Node 20 is being deprecated. This workflow is running with Node 24 by default. If you need to temporarily use Node 20, you can set the ACTIONS_ALLOW_USE_UNSECURE_NODE_VERSION=true environment variable. For more information see: https://github.blog/changelog/2025-09-19-deprecation-of-node-20-on-github-actions-runners/
2026-06-21T09:18:36.2322638Z ##[group]Run android-actions/setup-android@v3
2026-06-21T09:18:36.2323518Z with:
2026-06-21T09:18:36.2324064Z   cmdline-tools-version: 12266719
2026-06-21T09:18:36.2324901Z   accept-android-sdk-licenses: true
2026-06-21T09:18:36.2326219Z   log-accepted-android-sdk-licenses: true
2026-06-21T09:18:36.2327178Z   packages: tools platform-tools
2026-06-21T09:18:36.2327919Z env:
2026-06-21T09:18:36.2328829Z   JAVA_HOME: /opt/hostedtoolcache/Java_Temurin-Hotspot_jdk/17.0.19-10/x64
2026-06-21T09:18:36.2330590Z   JAVA_HOME_17_X64: /opt/hostedtoolcache/Java_Temurin-Hotspot_jdk/17.0.19-10/x64
2026-06-21T09:18:36.2331935Z ##[endgroup]
2026-06-21T09:18:36.3269180Z Found preinstalled sdkmanager in /usr/local/lib/android/sdk/cmdline-tools/latest with following source.properties:
2026-06-21T09:18:36.3271490Z Pkg.Revision=12.0
2026-06-21T09:18:36.3272214Z Pkg.Path=cmdline-tools;12.0
2026-06-21T09:18:36.3273085Z Pkg.Desc=Android SDK Command-line Tools
2026-06-21T09:18:36.3273767Z 
2026-06-21T09:18:36.3274095Z Wrong version in preinstalled sdkmanager
2026-06-21T09:18:36.3277015Z Downloading commandline tools from https://dl.google.com/android/repository/commandlinetools-linux-12266719_latest.zip
2026-06-21T09:18:37.0966159Z [command]/usr/bin/unzip -o -q /home/runner/work/_temp/f9df849e-82d3-4064-b706-63cc97509158
2026-06-21T09:18:37.8762076Z Accepting Android SDK licenses
2026-06-21T09:18:37.8770013Z [command]/usr/local/lib/android/sdk/cmdline-tools/16.0/bin/sdkmanager --licenses
2026-06-21T09:18:41.5737185Z Loading local repository...                                                     
2026-06-21T09:18:41.5739072Z [=========                              ] 25% Loading local repository...       
2026-06-21T09:18:42.8853031Z [=========                              ] 25% Fetch remote repository...        
2026-06-21T09:18:43.3182480Z [==========                             ] 26% Fetch remote repository...        
2026-06-21T09:18:43.3186228Z [============                           ] 31% Fetch remote repository...        
2026-06-21T09:18:43.3666281Z [============                           ] 32% Fetch remote repository...        
2026-06-21T09:18:43.3667373Z [=============                          ] 33% Fetch remote repository...        
2026-06-21T09:18:43.3894384Z [=============                          ] 35% Fetch remote repository...        
2026-06-21T09:18:43.3896296Z [==============                         ] 36% Fetch remote repository...        
2026-06-21T09:18:43.4078849Z [==============                         ] 37% Fetch remote repository...        
2026-06-21T09:18:43.4096623Z [===============                        ] 38% Fetch remote repository...        
2026-06-21T09:18:43.4248573Z [===============                        ] 39% Fetch remote repository...        
2026-06-21T09:18:43.4250022Z [================                       ] 40% Fetch remote repository...        
2026-06-21T09:18:43.4445631Z [================                       ] 41% Fetch remote repository...        
2026-06-21T09:18:43.4476247Z [================                       ] 42% Fetch remote repository...        
2026-06-21T09:18:43.4619609Z [=================                      ] 44% Fetch remote repository...        
2026-06-21T09:18:43.4646441Z [=================                      ] 45% Fetch remote repository...        
2026-06-21T09:18:43.4870751Z [==================                     ] 46% Fetch remote repository...        
2026-06-21T09:18:43.4872031Z [==================                     ] 47% Fetch remote repository...        
2026-06-21T09:18:43.5067991Z [===================                    ] 48% Fetch remote repository...        
2026-06-21T09:18:43.5070655Z [===================                    ] 49% Fetch remote repository...        
2026-06-21T09:18:43.5347846Z [====================                   ] 50% Fetch remote repository...        
2026-06-21T09:18:43.5357621Z [====================                   ] 51% Fetch remote repository...        
2026-06-21T09:18:43.5556318Z [====================                   ] 53% Fetch remote repository...        
2026-06-21T09:18:43.5562550Z [=====================                  ] 54% Fetch remote repository...        
2026-06-21T09:18:43.5931446Z [=====================                  ] 55% Fetch remote repository...        
2026-06-21T09:18:43.5956381Z [======================                 ] 56% Fetch remote repository...        
2026-06-21T09:18:43.6166455Z [======================                 ] 57% Fetch remote repository...        
2026-06-21T09:18:43.6196011Z [=======================                ] 58% Fetch remote repository...        
2026-06-21T09:18:43.6450116Z [=======================                ] 59% Fetch remote repository...        
2026-06-21T09:18:43.6476015Z [========================               ] 60% Fetch remote repository...        
2026-06-21T09:18:43.7001749Z [========================               ] 61% Fetch remote repository...        
2026-06-21T09:18:43.7026756Z [=========================              ] 63% Fetch remote repository...        
2026-06-21T09:18:43.7234102Z [=========================              ] 64% Fetch remote repository...        
2026-06-21T09:18:43.7236374Z [=========================              ] 65% Fetch remote repository...        
2026-06-21T09:18:43.7633967Z [==========================             ] 66% Fetch remote repository...        
2026-06-21T09:18:43.7635384Z [==========================             ] 67% Fetch remote repository...        
2026-06-21T09:18:43.7837897Z [===========================            ] 68% Fetch remote repository...        
2026-06-21T09:18:43.7841227Z [===========================            ] 69% Fetch remote repository...        
2026-06-21T09:18:43.8836218Z [============================           ] 70% Fetch remote repository...        
2026-06-21T09:18:43.8876129Z [============================           ] 72% Fetch remote repository...        
2026-06-21T09:18:43.9506315Z [=============================          ] 73% Fetch remote repository...        
2026-06-21T09:18:43.9536103Z [=============================          ] 74% Fetch remote repository...        
2026-06-21T09:18:43.9605894Z [=============================          ] 75% Fetch remote repository...        
2026-06-21T09:18:43.9725789Z [=============================          ] 75% Computing updates...              
2026-06-21T09:18:43.9750842Z [=======================================] 100% Computing updates...             
2026-06-21T09:18:44.0085659Z 6 of 7 SDK package licenses not accepted.
2026-06-21T09:18:44.0089945Z Review licenses that have not been accepted (y/N)? 
2026-06-21T09:18:44.0096488Z 1/6: License android-googletv-license:
2026-06-21T09:18:44.0097889Z ---------------------------------------
2026-06-21T09:18:44.0116831Z Terms and Conditions
2026-06-21T09:18:44.0117354Z 
2026-06-21T09:18:44.0117773Z This is the Google TV Add-on for the Android Software Development Kit License Agreement.
2026-06-21T09:18:44.0118276Z 
2026-06-21T09:18:44.0118510Z 1. Introduction
2026-06-21T09:18:44.0118773Z 
2026-06-21T09:18:44.0120801Z 1.1 The Google TV Add-on for the Android Software Development Kit (referred to in this License Agreement as the "Google TV Add-on" and specifically including the Android system files, packaged APIs, and Google APIs add-ons) is licensed to you subject to the terms of this License Agreement. This License Agreement forms a legally binding contract between you and Google in relation to your use of the Google TV Add-on.
2026-06-21T09:18:44.0123637Z 
2026-06-21T09:18:44.0124674Z 1.2 "Google" means Google Inc., a Delaware corporation with principal place of business at 1600 Amphitheatre Parkway, Mountain View, CA 94043, United States.
2026-06-21T09:18:44.0126472Z 
2026-06-21T09:18:44.0126850Z 2. Accepting this License Agreement
2026-06-21T09:18:44.0127354Z 
2026-06-21T09:18:44.0128409Z 2.1 In order to use the Google TV Add-on, you must first agree to this License Agreement. You may not use the Google TV Add-on if you do not accept this License Agreement.
2026-06-21T09:18:44.0129746Z 
2026-06-21T09:18:44.0130116Z 2.2 You can accept this License Agreement by:
2026-06-21T09:18:44.0130673Z 
2026-06-21T09:18:44.0131365Z (A) clicking to accept or agree to this License Agreement, where this option is made available to you; or
2026-06-21T09:18:44.0132222Z 
2026-06-21T09:18:44.0133274Z (B) by actually using the Google TV Add-on. In this case, you agree that use of the Google TV Add-on constitutes acceptance of the License Agreement from that point onwards.
2026-06-21T09:18:44.0134556Z 
2026-06-21T09:18:44.0142917Z 2.3 You may not use the Google TV Add-on and may not accept the Licensing Agreement if you are a person barred from receiving the Google TV Add-on under the laws of the United States or other countries including the country in which you are resident or from which you use the Google TV Add-on.
2026-06-21T09:18:44.0145356Z 
2026-06-21T09:18:44.0159027Z 2.4 If you are agreeing to be bound by this License Agreement on behalf of your employer or other entity, you represent and warrant that you have full legal authority to bind your employer or such entity to this License Agreement. If you do not have the requisite authority, you may not accept the Licensing Agreement or use the Google TV Add-on on behalf of your employer or other entity.
2026-06-21T09:18:44.0164639Z 
2026-06-21T09:18:44.0165401Z 3. Google TV Add-on License from Google
2026-06-21T09:18:44.0166088Z 
2026-06-21T09:18:44.0167723Z 3.1 Subject to the terms of this License Agreement, Google grants you a limited, worldwide, royalty-free, non- assignable and non-exclusive license to use the Google TV Add-on solely to develop applications to run on the Google TV platform.
2026-06-21T09:18:44.0172560Z 
2026-06-21T09:18:44.0175458Z 3.2 You agree that Google or third parties own all legal right, title and interest in and to the Google TV Add-on, including any Intellectual Property Rights that subsist in the Google TV Add-on. "Intellectual Property Rights" means any and all rights under patent law, copyright law, trade secret law, trademark law, and any and all other proprietary rights. Google reserves all rights not expressly granted to you.
2026-06-21T09:18:44.0178330Z 
2026-06-21T09:18:44.0182246Z 3.3 Except to the extent required by applicable third party licenses, you may not copy (except for backup purposes), modify, adapt, redistribute, decompile, reverse engineer, disassemble, or create derivative works of the Google TV Add-on or any part of the Google TV Add-on. Except to the extent required by applicable third party licenses, you may not load any part of the Google TV Add-on onto a mobile handset, television, or any other hardware device except a personal computer, combine any part of the Google TV Add-on with other software, or distribute any software or device incorporating a part of the Google TV Add-on.
2026-06-21T09:18:44.0189249Z 
2026-06-21T09:18:44.0190732Z 3.4 Use, reproduction and distribution of components of the Google TV Add-on licensed under an open source software license are governed solely by the terms of that open source software license and not this License Agreement.
2026-06-21T09:18:44.0192338Z 
2026-06-21T09:18:44.0195503Z 3.5 You agree that the form and nature of the Google TV Add-on that Google provides may change without prior notice to you and that future versions of the Google TV Add-on may be incompatible with applications developed on previous versions of the Google TV Add-on. You agree that Google may stop (permanently or temporarily) providing the Google TV Add-on (or any features within the Google TV Add-on) to you or to users generally at Google's sole discretion, without prior notice to you.
2026-06-21T09:18:44.0198609Z 
2026-06-21T09:18:44.0201127Z 3.6 Nothing in this License Agreement gives you a right to use any of Google's or it’s licensors’ trade names, trademarks, service marks, logos, domain names, or other distinctive brand features.
2026-06-21T09:18:44.0205992Z 
2026-06-21T09:18:44.0207358Z 3.7 You agree that you will not remove, obscure, or alter any proprietary rights notices (including copyright and trademark notices) that may be affixed to or contained within the Google TV Add-on.
2026-06-21T09:18:44.0208813Z 
2026-06-21T09:18:44.0209154Z 4. Use of the Google TV Add-on by You
2026-06-21T09:18:44.0209631Z 
2026-06-21T09:18:44.0211381Z 4.1 Google agrees that it obtains no right, title or interest from you (or your licensors) under this License Agreement in or to any software applications that you develop using the Google TV Add-on, including any intellectual property rights that subsist in those applications.
2026-06-21T09:18:44.0213386Z 
2026-06-21T09:18:44.0215963Z 4.2 You agree to use the Google TV Add-on and write applications only for purposes that are permitted by (a) this License Agreement and (b) any applicable law, regulation or generally accepted practices or guidelines in the relevant jurisdictions (including any laws regarding the export of data or software to and from the United States or other relevant countries).
2026-06-21T09:18:44.0223062Z 
2026-06-21T09:18:44.0228310Z 4.3 You agree that if you use the Google TV Add-on to develop applications for general public users, you will protect the privacy and legal rights of those users. If the users provide you with user names, passwords, or other login information or personal information, your must make the users aware that the information will be available to your application, and you must provide legally adequate privacy notice and protection for those users. If your application stores personal or sensitive information provided by users, it must do so securely. If the user provides your application with Google Account information, your application may only use that information to access the user's Google Account when, and for the limited purposes for which, the user has given you explicit permission to do so.
2026-06-21T09:18:44.0233632Z 
2026-06-21T09:18:44.0236407Z 4.4 You agree that you will not engage in any activity with the Google TV Add-on, including the development or distribution of an application, that interferes with, disrupts, damages, or accesses in an unauthorized manner the servers, networks, or other properties or services of any third party including, but not limited to, Google, Multichannel Video Program Distributors or any mobile communications carrier.
2026-06-21T09:18:44.0239202Z 
2026-06-21T09:18:44.0241613Z 4.5 You agree that you are solely responsible for (and that Google has no responsibility to you or to any third party for) any data, content, or resources that you create, transmit or display through the Google TV platform and/or applications for the Google TV platform, and for the consequences of your actions (including any loss or damage which Google may suffer) by doing so.
2026-06-21T09:18:44.0244277Z 
2026-06-21T09:18:44.0247105Z 4.6 You agree that you are solely responsible for (and that Google has no responsibility to you or to any third party for) any breach of your obligations under this License Agreement, any applicable third party contract or Terms of Service, or any applicable law or regulation, and for the consequences (including any loss or damage which Google or any third party may suffer) of any such breach.
2026-06-21T09:18:44.0249971Z 
2026-06-21T09:18:44.0250385Z 5. Your Developer Credentials
2026-06-21T09:18:44.0250952Z 
2026-06-21T09:18:44.0252834Z 5.1 You agree that you are responsible for maintaining the confidentiality of any developer credentials that may be issued to you by Google or which you may choose yourself and that you will be solely responsible for all applications that are developed under your developer credentials.
2026-06-21T09:18:44.0254938Z 
2026-06-21T09:18:44.0255575Z 6. Privacy and Information
2026-06-21T09:18:44.0256080Z 
2026-06-21T09:18:44.0259613Z 6.1 In order to continually innovate and improve the Google TV Add-on, Google may collect certain usage statistics from the software including but not limited to a unique identifier, associated IP address, version number of the software, and information on which tools and/or services in the Google TV Add-on are being used and how they are being used. Before any of this information is collected, the Google TV Add-on will notify you and seek your consent. If you withhold consent, the information will not be collected.
2026-06-21T09:18:44.0263137Z 
2026-06-21T09:18:44.0264131Z 6.2 The data collected is examined in the aggregate to improve the Google TV Add-on and is maintained in accordance with Google's Privacy Policy.
2026-06-21T09:18:44.0265658Z 
2026-06-21T09:18:44.0266182Z 7. Third Party Applications for the Google TV Platform
2026-06-21T09:18:44.0267042Z 
2026-06-21T09:18:44.0270705Z 7.1 If you use the Google TV Add-on to run applications developed by a third party or that access data, content or resources provided by a third party, you agree that Google is not responsible for those applications, data, content, or resources. You understand that all data, content or resources which you may access through such third party applications are the sole responsibility of the person from which they originated and that Google is not liable for any loss or damage that you may experience as a result of the use or access of any of those third party applications, data, content, or resources.
2026-06-21T09:18:44.0274611Z 
2026-06-21T09:18:44.0278002Z 7.2 You should be aware the data, content, and resources presented to you through such a third party application may be protected by intellectual property rights which are owned by the providers (or by other persons or companies on their behalf). You may not modify, rent, lease, loan, sell, distribute or create derivative works based on these data, content, or resources (either in whole or in part) unless you have been specifically given permission to do so by the relevant owners.
2026-06-21T09:18:44.0281808Z 
2026-06-21T09:18:44.0283619Z 7.3 You acknowledge that your use of such third party applications, data, content, or resources may be subject to separate terms between you and the relevant third party. In that case, this License Agreement does not affect your legal relationship with these third parties.
2026-06-21T09:18:44.0286189Z 
2026-06-21T09:18:44.0286623Z 8. Using Google TV APIs
2026-06-21T09:18:44.0287105Z 
2026-06-21T09:18:44.0292128Z 8.1 If you use any Google TV API to retrieve data from Google, you acknowledge that the data (“Google TV API Content”) may be protected by intellectual property rights which are owned by Google or those parties that provide the data (or by other persons or companies on their behalf). Your use of any such API may be subject to additional Terms of Service. You may not modify, rent, lease, loan, sell, distribute or create derivative works based on this data (either in whole or in part) unless allowed by the relevant Terms of Service. Some portions of the Google TV API Content are licensed to Google by third parties, including but not limited to Tribune Media Services
2026-06-21T09:18:44.0296965Z 
2026-06-21T09:18:44.0298529Z 8.2 If you use any API to retrieve a user's data from Google, you acknowledge and agree that you shall retrieve data only with the user's explicit consent and only when, and for the limited purposes for which, the user has given you permission to do so.
2026-06-21T09:18:44.0300385Z 
2026-06-21T09:18:44.0301127Z 8.3 Except as explicitly permitted in Section 3 (Google TV Add-on License from Google), you must:
2026-06-21T09:18:44.0302061Z 
2026-06-21T09:18:44.0303248Z (a) not modify nor format the Google TV API Content except to the extent reasonably and technically necessary to optimize the display such Google TV API Content in your application;
2026-06-21T09:18:44.0304591Z 
2026-06-21T09:18:44.0306332Z (b) not edit the Google TV API Content in a manner that renders the Google TV API Content inaccurate of alters its inherent meaning (provided that displaying excerpts will not violate the foregoing); or
2026-06-21T09:18:44.0307886Z 
2026-06-21T09:18:44.0308610Z (c) not create any commercial audience measurement tool or service using the Google TV API Content
2026-06-21T09:18:44.0309558Z 
2026-06-21T09:18:44.0309948Z 9. Terminating this License Agreement
2026-06-21T09:18:44.0310468Z 
2026-06-21T09:18:44.0311235Z 9.1 This License Agreement will continue to apply until terminated by either you or Google as set out below.
2026-06-21T09:18:44.0312212Z 
2026-06-21T09:18:44.0313181Z 9.2 If you want to terminate this License Agreement, you may do so by ceasing your use of the Google TV Add-on and any relevant developer credentials.
2026-06-21T09:18:44.0314353Z 
2026-06-21T09:18:44.0314882Z 9.3 Google may at any time, terminate this License Agreement with you if:
2026-06-21T09:18:44.0315897Z 
2026-06-21T09:18:44.0316390Z (A) you have breached any provision of this License Agreement; or
2026-06-21T09:18:44.0317071Z 
2026-06-21T09:18:44.0317450Z (B) Google is required to do so by law; or
2026-06-21T09:18:44.0317950Z 
2026-06-21T09:18:44.0319227Z (C) the partner with whom Google offered certain parts of Google TV Add-on (such as APIs) to you has terminated its relationship with Google or ceased to offer certain parts of the Google TV Add-on to you; or
2026-06-21T09:18:44.0320761Z 
2026-06-21T09:18:44.0322772Z (D) Google decides to no longer providing the Google TV Add-on or certain parts of the Google TV Add-on to users in the country in which you are resident or from which you use the service, or the provision of the Google TV Add-on or certain Google TV Add-on services to you by Google is, in Google's sole discretion, no longer commercially viable.
2026-06-21T09:18:44.0325700Z 
2026-06-21T09:18:44.0328661Z 9.4 When this License Agreement comes to an end, all of the legal rights, obligations and liabilities that you and Google have benefited from, been subject to (or which have accrued over time whilst this License Agreement has been in force) or which are expressed to continue indefinitely, shall be unaffected by this cessation, and the provisions of paragraph 14.7 shall continue to apply to such rights, obligations and liabilities indefinitely.
2026-06-21T09:18:44.0332025Z 
2026-06-21T09:18:44.0332407Z 10. DISCLAIMER OF WARRANTIES
2026-06-21T09:18:44.0332944Z 
2026-06-21T09:18:44.0333968Z 10.1 YOU EXPRESSLY UNDERSTAND AND AGREE THAT YOUR USE OF THE GOOGLE TV ADD-ON IS AT YOUR SOLE RISK AND THAT THE GOOGLE TV ADD-ON IS PROVIDED "AS IS" AND "AS AVAILABLE" WITHOUT WARRANTY OF ANY KIND FROM GOOGLE.
2026-06-21T09:18:44.0335002Z 
2026-06-21T09:18:44.0337187Z 10.2 YOUR USE OF THE GOOGLE TV ADD-ON AND ANY MATERIAL DOWNLOADED OR OTHERWISE OBTAINED THROUGH THE USE OF THE GOOGLE TV ADD-ON IS AT YOUR OWN DISCRETION AND RISK AND YOU ARE SOLELY RESPONSIBLE FOR ANY DAMAGE TO YOUR COMPUTER SYSTEM OR OTHER DEVICE OR LOSS OF DATA THAT RESULTS FROM SUCH USE.
2026-06-21T09:18:44.0339254Z 
2026-06-21T09:18:44.0340244Z 10.3 GOOGLE FURTHER EXPRESSLY DISCLAIMS ALL WARRANTIES AND CONDITIONS OF ANY KIND, WHETHER EXPRESS OR IMPLIED, INCLUDING, BUT NOT LIMITED TO THE IMPLIED WARRANTIES AND CONDITIONS OF MERCHANTABILITY, FITNESS FOR A PARTICULAR PURPOSE AND NON-INFRINGEMENT.
2026-06-21T09:18:44.0341438Z 
2026-06-21T09:18:44.0341682Z 11. LIMITATION OF LIABILITY
2026-06-21T09:18:44.0342019Z 
2026-06-21T09:18:44.0343561Z 11.1 YOU EXPRESSLY UNDERSTAND AND AGREE THAT GOOGLE, ITS SUBSIDIARIES AND AFFILIATES, AND ITS LICENSORS SHALL NOT BE LIABLE TO YOU UNDER ANY THEORY OF LIABILITY FOR ANY DIRECT, INDIRECT, INCIDENTAL, SPECIAL CONSEQUENTIAL OR EXEMPLARY DAMAGES THAT MAY BE INCURRED BY YOU, INCLUDING ANY LOSS OF DATA, WHETHER OR NOT GOOGLE OR ITS REPRESENTATIVES HAVE BEEN ADVISED OF OR SHOULD HAVE BEEN AWARE OF THE POSSIBILITY OF ANY SUCH LOSSES ARISING.
2026-06-21T09:18:44.0345504Z 
2026-06-21T09:18:44.0345720Z 12. Indemnification
2026-06-21T09:18:44.0345958Z 
2026-06-21T09:18:44.0349939Z 12.1 To the maximum extent permitted by law, you agree to defend, indemnify and hold harmless Google, its affiliates and their respective directors, officers, employees and agents from and against any and all claims, actions, suits or proceedings, as well as any and all losses, liabilities, damages, costs and expenses (including reasonable attorneys fees) arising out of or accruing from (a) your use of the Google TV Add-on, (b) any application you develop on the Google TV Add-on that infringes any copyright, trademark, trade secret, trade dress, patent or other intellectual property right of any person or defames any person or violates their rights of publicity or privacy, and (c) any non-compliance by you with this License Agreement.
2026-06-21T09:18:44.0352449Z 
2026-06-21T09:18:44.0352556Z 13. Changes to the License Agreement
2026-06-21T09:18:44.0352747Z 
2026-06-21T09:18:44.0353062Z 13.1 Google may make changes to the License Agreement as it distributes new versions of the Google TV Add-on.
2026-06-21T09:18:44.0353478Z 
2026-06-21T09:18:44.0353574Z 14. General Legal Terms
2026-06-21T09:18:44.0353718Z 
2026-06-21T09:18:44.0354750Z 14.1 This License Agreement constitute the whole legal agreement between you and Google and govern your use of the Google TV Add-on (excluding any services which Google may provide to you under a separate written agreement), and completely replace any prior agreements between you and Google in relation to the Google TV Add-on.
2026-06-21T09:18:44.0356328Z 
2026-06-21T09:18:44.0357322Z 14.2 You agree that if Google does not exercise or enforce any legal right or remedy which is contained in this License Agreement (or which Google has the benefit of under any applicable law), this will not be taken to be a formal waiver of Google's rights and that those rights or remedies will still be available to Google.
2026-06-21T09:18:44.0358401Z 
2026-06-21T09:18:44.0359499Z 14.3 If any court of law, having the jurisdiction to decide on this matter, rules that any provision of this License Agreement is invalid, then that provision will be removed from this License Agreement without affecting the rest of this License Agreement. The remaining provisions of this License Agreement will continue to be valid and enforceable.
2026-06-21T09:18:44.0360889Z 
2026-06-21T09:18:44.0362845Z 14.4 You acknowledge and agree that Google’s API data licensors and each member of the group of companies of which Google is the parent shall be third party beneficiaries to this License Agreement and that such other companies shall be entitled to directly enforce, and rely upon, any provision of this License Agreement that confers a benefit on (or rights in favor of) them. Other than this, no other person or company shall be third party beneficiaries to this License Agreement.
2026-06-21T09:18:44.0364477Z 
2026-06-21T09:18:44.0365888Z 14.5 EXPORT RESTRICTIONS. THE GOOGLE TV ADD-ON IS SUBJECT TO UNITED STATES EXPORT LAWS AND REGULATIONS. YOU MUST COMPLY WITH ALL DOMESTIC AND INTERNATIONAL EXPORT LAWS AND REGULATIONS THAT APPLY TO THE GOOGLE TV ADD-ON. THESE LAWS INCLUDE RESTRICTIONS ON DESTINATIONS, END USERS AND END USE.
2026-06-21T09:18:44.0366921Z 
2026-06-21T09:18:44.0368015Z 14.6 The rights granted in this License Agreement may not be assigned or transferred by either you or Google without the prior written approval of the other party. Neither you nor Google shall be permitted to delegate their responsibilities or obligations under this License Agreement without the prior written approval of the other party.
2026-06-21T09:18:44.0369189Z 
2026-06-21T09:18:44.0371015Z 14.7 This License Agreement, and your relationship with Google under this License Agreement, shall be governed by the laws of the State of California without regard to its conflict of laws provisions. You and Google agree to submit to the exclusive jurisdiction of the courts located within the county of Santa Clara, California to resolve any legal matter arising from this License Agreement. Notwithstanding this, you agree that Google shall still be allowed to apply for injunctive remedies (or an equivalent type of urgent legal relief) in any jurisdiction.
2026-06-21T09:18:44.0373064Z 
2026-06-21T09:18:44.0373070Z 
2026-06-21T09:18:44.0373160Z August 15, 2011
2026-06-21T09:18:44.0373431Z ---------------------------------------
2026-06-21T09:18:44.0373709Z Accept? (y/N): 
2026-06-21T09:18:44.0373951Z 2/6: License android-googlexr-license:
2026-06-21T09:18:44.0374230Z ---------------------------------------
2026-06-21T09:18:44.0376629Z To get started with the Android XR Emulator System Image SDK, you must agree to the following terms and conditions. As described below, please note that this is a preview, emulated version of the Android XR OS, subject to change, that you use at your own risk.
2026-06-21T09:18:44.0377937Z 
2026-06-21T09:18:44.0378140Z This is the Android XR Emulator System Image SDK License Agreement
2026-06-21T09:18:44.0378420Z 
2026-06-21T09:18:44.0378504Z 1. Introduction
2026-06-21T09:18:44.0378629Z 
2026-06-21T09:18:44.0380053Z 1.1 The Android Android XR Emulator System Image SDK (referred to in the License Agreement as the "SDK" and specifically including the Android system files,, packaged APIs, library files (if and when they are made available), and Google applications and APIs add-ons) is licensed to you subject to the terms of the License Agreement. The License Agreement forms a legally binding contract between you and Google in relation to your use of the SDK.
2026-06-21T09:18:44.0381595Z 
2026-06-21T09:18:44.0382431Z 1.2 "Android" means the Android software stack for devices, as made available under the Android Open Source Project, which is located at the following URL: https://source.android.com/, as updated from time to time.
2026-06-21T09:18:44.0383180Z 
2026-06-21T09:18:44.0383837Z 1.3 "Google" means Google LLC, organized under the laws of the State of Delaware, USA, and operating under the laws of the USA with principal place of business at 1600 Amphitheatre Parkway, Mountain View, CA 94043, USA.
2026-06-21T09:18:44.0384577Z 
2026-06-21T09:18:44.0384677Z 2. Accepting this License Agreement
2026-06-21T09:18:44.0385187Z 
2026-06-21T09:18:44.0385606Z 2.1 In order to use the SDK, you must first agree to the License Agreement. You may not use the SDK if you do not accept the License Agreement.
2026-06-21T09:18:44.0386108Z 
2026-06-21T09:18:44.0386388Z 2.2 By clicking to accept and/or using this SDK, you hereby agree to the terms of the License Agreement.
2026-06-21T09:18:44.0386767Z 
2026-06-21T09:18:44.0387527Z 2.3 You may not use the SDK and may not accept the License Agreement if you are a person barred from receiving the SDK under the laws of the United States or other countries, including the country in which you are resident or from which you use the SDK.
2026-06-21T09:18:44.0388368Z 
2026-06-21T09:18:44.0389498Z 2.4 If you are agreeing to be bound by the License Agreement on behalf of your employer or other entity, you represent and warrant that you have full legal authority to bind your employer or such entity to the License Agreement. If you do not have the requisite authority, you may not accept the License Agreement or use the SDK on behalf of your employer or other entity.
2026-06-21T09:18:44.0390712Z 
2026-06-21T09:18:44.0390805Z 3. SDK License from Google
2026-06-21T09:18:44.0390961Z 
2026-06-21T09:18:44.0391675Z 3.1 Subject to the terms of the License Agreement, Google grants you a limited, worldwide, royalty-free, non-assignable, non-exclusive, and non-sublicensable license to use the SDK solely to develop applications for Android XR.
2026-06-21T09:18:44.0392480Z 
2026-06-21T09:18:44.0393146Z 3.2 You may not use this SDK to develop applications for other platforms or to develop another SDK. You are of course free to develop applications for other platforms provided that this SDK is not used for that purpose.
2026-06-21T09:18:44.0393906Z 
2026-06-21T09:18:44.0395551Z 3.3 You agree that Google or third parties own all legal right, title and interest in and to the SDK, including any Intellectual Property Rights that subsist in the SDK. "Intellectual Property Rights" means any and all rights under patent law, copyright law, trade secret law, trademark law, and any and all other proprietary rights. Google reserves all rights not expressly granted to you.
2026-06-21T09:18:44.0396909Z 
2026-06-21T09:18:44.0398725Z 3.4 You may not use the SDK for any purpose not expressly permitted by the License Agreement. Except to the extent required by applicable third party licenses, you may not (a) copy (except for backup purposes), modify, adapt, redistribute, decompile, reverse engineer, disassemble, or create derivative works of the SDK or any part of the SDK; or (b) load any part of the SDK onto a mobile handset or any other hardware device except a personal computer, combine any part of the SDK with other software, or distribute any software or device incorporating a part of the SDK.
2026-06-21T09:18:44.0400618Z 
2026-06-21T09:18:44.0401949Z 3.5 Use, reproduction and distribution of components of the SDK licensed under an open source software license are governed solely by the terms of that open source software license and not the License Agreement. You agree to remain a licensee in good standing in regard to such open source software licenses under all the rights granted and to refrain from any actions that may terminate, suspend, or breach such rights.
2026-06-21T09:18:44.0403360Z 
2026-06-21T09:18:44.0404670Z 3.6 You agree that the form and nature of the SDK that Google provides may change without prior notice to you and that future versions of the SDK may be incompatible with applications developed on previous versions of the SDK. You agree that Google may stop (permanently or temporarily) providing the SDK (or any features within the SDK) to you or to users generally at Google's sole discretion, without prior notice to you.
2026-06-21T09:18:44.0406196Z 
2026-06-21T09:18:44.0406714Z 3.7 Nothing in the License Agreement gives you a right to use any of Google's trade names, trademarks, service marks, logos, domain names, or other distinctive brand features.
2026-06-21T09:18:44.0407445Z 
2026-06-21T09:18:44.0408007Z 3.8 You agree that you will not remove, obscure, or alter any proprietary rights notices (including copyright and trademark notices) that may be affixed to or contained within the SDK.
2026-06-21T09:18:44.0408661Z 
2026-06-21T09:18:44.0408757Z 4. Use of the SDK by You
2026-06-21T09:18:44.0408901Z 
2026-06-21T09:18:44.0409718Z 4.1 Google agrees that it obtains no right, title or interest from you (or your licensors) under the License Agreement in or to any software applications that you develop using the SDK, including any intellectual property rights that subsist in those applications.
2026-06-21T09:18:44.0410633Z 
2026-06-21T09:18:44.0411733Z 4.2 You agree to use the SDK and write applications only for purposes that are permitted by (a) the License Agreement and (b) any applicable law, regulation or generally accepted practices or guidelines in the relevant jurisdictions (including any laws regarding the export of data or software to and from the United States or other relevant countries).
2026-06-21T09:18:44.0412924Z 
2026-06-21T09:18:44.0415541Z 4.3 You agree that if you use the SDK to develop applications for general public users, you will protect the privacy and legal rights of those users. If the users provide you with user names, passwords, or other login information or personal information, you must make the users aware that the information will be available to your application, and you must provide legally adequate privacy notice and protection for those users. If your application stores personal or sensitive information provided by users, it must do so securely. If the user provides your application with Google Account information, your application may only use that information to access the user's Google Account when, and for the limited purposes for which, the user has given you permission to do so.
2026-06-21T09:18:44.0418117Z 
2026-06-21T09:18:44.0419340Z 4.4 You agree that you will not engage in any activity with the SDK, including the development or distribution of an application, that interferes with, disrupts, damages, or accesses in an unauthorized manner the servers, networks, or other properties or services of any third party including, but not limited to, Google or any mobile communications carrier.
2026-06-21T09:18:44.0420562Z 
2026-06-21T09:18:44.0421636Z 4.5 You agree that you are solely responsible for (and that Google has no responsibility to you or to any third party for) any data, content, or resources that you create, transmit or display through Android and/or applications for Android, and for the consequences of your actions (including any loss or damage which Google may suffer) by doing so.
2026-06-21T09:18:44.0422795Z 
2026-06-21T09:18:44.0424015Z 4.6 You agree that you are solely responsible for (and that Google has no responsibility to you or to any third party for) any breach of your obligations under the License Agreement, any applicable third party contract or Terms of Service, or any applicable law or regulation, and for the consequences (including any loss or damage which Google or any third party may suffer) of any such breach.
2026-06-21T09:18:44.0425436Z 
2026-06-21T09:18:44.0426346Z 4.7 The SDK is in development, and your testing and feedback are an important part of the development process. By using the SDK, you acknowledge that implementation of some features are still under development and that you should not rely on the SDK having the full functionality of a stable release.
2026-06-21T09:18:44.0427352Z 
2026-06-21T09:18:44.0427457Z 5. Your Developer Credentials
2026-06-21T09:18:44.0427618Z 
2026-06-21T09:18:44.0428508Z 5.1 You agree that you are responsible for maintaining the confidentiality of any developer credentials that may be issued to you by Google or which you may choose yourself and that you will be solely responsible for all applications that are developed under your developer credentials.
2026-06-21T09:18:44.0429493Z 
2026-06-21T09:18:44.0429586Z 6. Privacy and Information
2026-06-21T09:18:44.0429739Z 
2026-06-21T09:18:44.0431406Z 6.1 In order to continually innovate and improve the SDK, Google may collect certain usage statistics from the software including but not limited to a unique identifier, associated IP address, version number of the software, and information on which tools and/or services in the SDK are being used and how they are being used. Before any of this information is collected, the SDK will notify you and seek your consent. If you withhold consent, the information will not be collected.
2026-06-21T09:18:44.0433001Z 
2026-06-21T09:18:44.0433644Z 6.2 The data collected is examined in the aggregate to improve the SDK and is maintained in accordance with Google's Privacy Policy, which is located at the following URL: https://policies.google.com/privacy
2026-06-21T09:18:44.0434365Z 
2026-06-21T09:18:44.0434650Z 6.3 Anonymized and aggregated sets of the data may be shared with Google partners to improve the SDK.
2026-06-21T09:18:44.0435164Z 
2026-06-21T09:18:44.0435377Z 7. Third Party Applications
2026-06-21T09:18:44.0435594Z 
2026-06-21T09:18:44.0437458Z 7.1 If you use the SDK to run applications developed by a third party or that access data, content or resources provided by a third party, you agree that Google is not responsible for those applications, data, content, or resources. You understand that all data, content or resources which you may access through such third party applications are the sole responsibility of the person from which they originated and that Google is not liable for any loss or damage that you may experience as a result of the use or access of any of those third party applications, data, content, or resources.
2026-06-21T09:18:44.0439504Z 
2026-06-21T09:18:44.0441181Z 7.2 You should be aware that the data, content, and resources presented to you through such a third party application may be protected by intellectual property rights which are owned by the providers (or by other persons or companies on their behalf). You may not modify, rent, lease, loan, sell, distribute or create derivative works based on these data, content, or resources (either in whole or in part) unless you have been specifically given permission to do so by the relevant owners.
2026-06-21T09:18:44.0442820Z 
2026-06-21T09:18:44.0443666Z 7.3 You acknowledge that your use of such third party applications, data, content, or resources may be subject to separate terms between you and the relevant third party. In that case, the License Agreement does not affect your legal relationship with these third parties.
2026-06-21T09:18:44.0444590Z 
2026-06-21T09:18:44.0444676Z 8. Using Android APIs
2026-06-21T09:18:44.0444819Z 
2026-06-21T09:18:44.0444907Z 8.1 Google Data APIs
2026-06-21T09:18:44.0446001Z 
2026-06-21T09:18:44.0447627Z 8.1.1 If you use any API to retrieve data from Google, you acknowledge that the data may be protected by intellectual property rights which are owned by Google or those parties that provide the data (or by other persons or companies on their behalf). Your use of any such API may be subject to additional Terms of Service. You may not modify, rent, lease, loan, sell, distribute or create derivative works based on this data (either in whole or in part) unless allowed by the relevant Terms of Service.
2026-06-21T09:18:44.0449291Z 
2026-06-21T09:18:44.0452046Z 8.1.2 If you use any API to retrieve a user's data from Google, you acknowledge and agree that you shall retrieve data only with the user's explicit consent and only when, and for the limited purposes for which, the user has given you permission to do so. If you use the Android Recognition Service API, documented at the following URL: https://developer.android.com/reference/android/speech/RecognitionService, as updated from time to time, you acknowledge that the use of the API is subject to the Data Processing Addendum for Products where Google is a Data Processor, which is located at the following URL: https://privacy.google.com/businesses/gdprprocessorterms/, as updated from time to time. By clicking to accept, you hereby agree to the terms of the Data Processing Addendum for Products where Google is a Data Processor.
2026-06-21T09:18:44.0455258Z 
2026-06-21T09:18:44.0455478Z 9. Terminating this License Agreement
2026-06-21T09:18:44.0455678Z 
2026-06-21T09:18:44.0455994Z 9.1 The License Agreement will continue to apply until terminated by either you or Google as set out below.
2026-06-21T09:18:44.0458028Z 
2026-06-21T09:18:44.0459074Z 9.2 If you want to terminate the License Agreement, you may do so by ceasing your use of the SDK and any relevant developer credentials.
2026-06-21T09:18:44.0459939Z 
2026-06-21T09:18:44.0461985Z 9.3 Google may at any time, terminate the License Agreement with you if: (A) you have breached any provision of the License Agreement; or (B) Google is required to do so by law; or (C) the partner with whom Google offered certain parts of SDK (such as APIs) to you has terminated its relationship with Google or ceased to offer certain parts of the SDK to you; or (D) Google decides to no longer provide the SDK or certain parts of the SDK to users in the country in which you are resident or from which you use the service, or the provision of the SDK or certain SDK services to you by Google is, in Google's sole discretion, no longer commercially viable.
2026-06-21T09:18:44.0464106Z 
2026-06-21T09:18:44.0466112Z 9.4 When the License Agreement comes to an end, all of the legal rights, obligations and liabilities that you and Google have benefited from, been subject to (or which have accrued over time whilst the License Agreement has been in force) or which are expressed to continue indefinitely, shall be unaffected by this cessation, and the provisions of paragraph 14.7 shall continue to apply to such rights, obligations and liabilities indefinitely.
2026-06-21T09:18:44.0468861Z 
2026-06-21T09:18:44.0469031Z 10. DISCLAIMER OF WARRANTIES
2026-06-21T09:18:44.0469317Z 
2026-06-21T09:18:44.0470260Z 10.1 YOU EXPRESSLY UNDERSTAND AND AGREE THAT YOUR USE OF THE SDK IS AT YOUR SOLE RISK AND THAT THE SDK IS PROVIDED "AS IS" AND "AS AVAILABLE" WITHOUT WARRANTY OF ANY KIND FROM GOOGLE.
2026-06-21T09:18:44.0471407Z 
2026-06-21T09:18:44.0473093Z 10.2 YOUR USE OF THE SDK AND ANY MATERIAL DOWNLOADED OR OTHERWISE OBTAINED THROUGH THE USE OF THE SDK IS AT YOUR OWN DISCRETION AND RISK AND YOU ARE SOLELY RESPONSIBLE FOR ANY DAMAGE TO YOUR COMPUTER SYSTEM OR OTHER DEVICE OR LOSS OF DATA THAT RESULTS FROM SUCH USE.
2026-06-21T09:18:44.0474678Z 
2026-06-21T09:18:44.0476407Z 10.3 GOOGLE FURTHER EXPRESSLY DISCLAIMS ALL WARRANTIES AND CONDITIONS OF ANY KIND, WHETHER EXPRESS OR IMPLIED, INCLUDING, BUT NOT LIMITED TO THE IMPLIED WARRANTIES AND CONDITIONS OF MERCHANTABILITY, FITNESS FOR A PARTICULAR PURPOSE AND NON-INFRINGEMENT.
2026-06-21T09:18:44.0478101Z 
2026-06-21T09:18:44.0478263Z 11. LIMITATION OF LIABILITY
2026-06-21T09:18:44.0478536Z 
2026-06-21T09:18:44.0481227Z 11.1 YOU EXPRESSLY UNDERSTAND AND AGREE THAT GOOGLE, ITS SUBSIDIARIES AND AFFILIATES, AND ITS LICENSORS SHALL NOT BE LIABLE TO YOU UNDER ANY THEORY OF LIABILITY FOR ANY DIRECT, INDIRECT, INCIDENTAL, SPECIAL, CONSEQUENTIAL OR EXEMPLARY DAMAGES THAT MAY BE INCURRED BY YOU, INCLUDING ANY LOSS OF DATA, WHETHER OR NOT GOOGLE OR ITS REPRESENTATIVES HAVE BEEN ADVISED OF OR SHOULD HAVE BEEN AWARE OF THE POSSIBILITY OF ANY SUCH LOSSES ARISING.
2026-06-21T09:18:44.0484054Z 
2026-06-21T09:18:44.0484212Z 12. Indemnification
2026-06-21T09:18:44.0484435Z 
2026-06-21T09:18:44.0489038Z 12.1 To the maximum extent permitted by law, you agree to defend, indemnify and hold harmless Google, its affiliates and their respective directors, officers, employees and agents from and against any and all claims, actions, suits or proceedings, as well as any and all losses, liabilities, damages, costs and expenses (including reasonable attorneys fees) arising out of or accruing from (a) your use of the SDK, (b) any application you develop on the SDK that infringes any copyright, trademark, trade secret, trade dress, patent or other intellectual property right of any person or defames any person or violates their rights of publicity or privacy, and (c) any non-compliance by you with the License Agreement.
2026-06-21T09:18:44.0493658Z 
2026-06-21T09:18:44.0493833Z 13. Changes to the License Agreement
2026-06-21T09:18:44.0494156Z 
2026-06-21T09:18:44.0495893Z 13.1 Google may make changes to the License Agreement as it distributes new versions of the SDK. When these changes are made, Google will make a new version of the License Agreement available on the website where the SDK is made available.
2026-06-21T09:18:44.0497405Z 
2026-06-21T09:18:44.0497713Z 14. General Legal Terms
2026-06-21T09:18:44.0497957Z 
2026-06-21T09:18:44.0499744Z 14.1 The License Agreement constitutes the whole legal agreement between you and Google and governs your use of the SDK (excluding any services which Google may provide to you under a separate written agreement), and completely replaces any prior agreements between you and Google in relation to the SDK.
2026-06-21T09:18:44.0501690Z 
2026-06-21T09:18:44.0503476Z 14.2 You agree that if Google does not exercise or enforce any legal right or remedy which is contained in the License Agreement (or which Google has the benefit of under any applicable law), this will not be taken to be a formal waiver of Google's rights and that those rights or remedies will still be available to Google.
2026-06-21T09:18:44.0505711Z 
2026-06-21T09:18:44.0507697Z 14.3 If any court of law, having the jurisdiction to decide on this matter, rules that any provision of the License Agreement is invalid, then that provision will be removed from the License Agreement without affecting the rest of the License Agreement. The remaining provisions of the License Agreement will continue to be valid and enforceable.
2026-06-21T09:18:44.0509865Z 
2026-06-21T09:18:44.0512641Z 14.4 You acknowledge and agree that each member of the group of companies of which Google is the parent shall be third party beneficiaries to the License Agreement and that such other companies shall be entitled to directly enforce, and rely upon, any provision of the License Agreement that confers a benefit on (or rights in favor of) them. Other than this, no other person or company shall be third party beneficiaries to the License Agreement.
2026-06-21T09:18:44.0515713Z 
2026-06-21T09:18:44.0517272Z 14.5 EXPORT RESTRICTIONS. THE SDK IS SUBJECT TO UNITED STATES EXPORT LAWS AND REGULATIONS. YOU MUST COMPLY WITH ALL DOMESTIC AND INTERNATIONAL EXPORT LAWS AND REGULATIONS THAT APPLY TO THE SDK. THESE LAWS INCLUDE RESTRICTIONS ON DESTINATIONS, END USERS AND END USE.
2026-06-21T09:18:44.0518944Z 
2026-06-21T09:18:44.0520911Z 14.6 The rights granted in the License Agreement may not be assigned or transferred by either you or Google without the prior written approval of the other party. Neither you nor Google shall be permitted to delegate their responsibilities or obligations under the License Agreement without the prior written approval of the other party.
2026-06-21T09:18:44.0523059Z 
2026-06-21T09:18:44.0526560Z 14.7 The License Agreement, and your relationship with Google under the License Agreement, shall be governed by the laws of the State of California without regard to its conflict of laws provisions. You and Google agree to submit to the exclusive jurisdiction of the courts located within the county of Santa Clara, California to resolve any legal matter arising from the License Agreement. Notwithstanding this, you agree that Google shall still be allowed to apply for injunctive remedies (or an equivalent type of urgent legal relief) in any jurisdiction.
2026-06-21T09:18:44.0530250Z ---------------------------------------
2026-06-21T09:18:44.0530698Z Accept? (y/N): 
2026-06-21T09:18:44.0531089Z 3/6: License android-sdk-arm-dbt-license:
2026-06-21T09:18:44.0531637Z ---------------------------------------
2026-06-21T09:18:44.0532098Z Terms and Conditions
2026-06-21T09:18:44.0532325Z 
2026-06-21T09:18:44.0532618Z This is the Android Software Development Kit License Agreement
2026-06-21T09:18:44.0533071Z 
2026-06-21T09:18:44.0533216Z 1. Introduction
2026-06-21T09:18:44.0533418Z 
2026-06-21T09:18:44.0536086Z 1.1 The Android Software Development Kit (referred to in the License Agreement as the "SDK" and specifically including the Android system files, packaged APIs, and Google APIs add-ons) is licensed to you subject to the terms of the License Agreement. The License Agreement forms a legally binding contract between you and Google in relation to your use of the SDK.
2026-06-21T09:18:44.0538427Z 
2026-06-21T09:18:44.0539625Z 1.2 "Android" means the Android software stack for devices, as made available under the Android Open Source Project, which is located at the following URL: http://source.android.com/, as updated from time to time.
2026-06-21T09:18:44.0541014Z 
2026-06-21T09:18:44.0543074Z 1.3 A "compatible implementation" means any Android device that (i) complies with the Android Compatibility Definition document, which can be found at the Android compatibility website (http://source.android.com/compatibility) and which may be updated from time to time; and (ii) successfully passes the Android Compatibility Test Suite (CTS).
2026-06-21T09:18:44.0545467Z 
2026-06-21T09:18:44.0546341Z 1.4 "Google" means Google Inc., a Delaware corporation with principal place of business at 1600 Amphitheatre Parkway, Mountain View, CA 94043, United States.
2026-06-21T09:18:44.0547385Z 
2026-06-21T09:18:44.0547392Z 
2026-06-21T09:18:44.0547565Z 2. Accepting the License Agreement
2026-06-21T09:18:44.0547872Z 
2026-06-21T09:18:44.0548587Z 2.1 In order to use the SDK, you must first agree to the License Agreement. You may not use the SDK if you do not accept the License Agreement.
2026-06-21T09:18:44.0549487Z 
2026-06-21T09:18:44.0549860Z 2.2 By clicking to accept, you hereby agree to the terms of the License Agreement.
2026-06-21T09:18:44.0550423Z 
2026-06-21T09:18:44.0551828Z 2.3 You may not use the SDK and may not accept the License Agreement if you are a person barred from receiving the SDK under the laws of the United States or other countries, including the country in which you are resident or from which you use the SDK.
2026-06-21T09:18:44.0553407Z 
2026-06-21T09:18:44.0555843Z 2.4 If you are agreeing to be bound by the License Agreement on behalf of your employer or other entity, you represent and warrant that you have full legal authority to bind your employer or such entity to the License Agreement. If you do not have the requisite authority, you may not accept the License Agreement or use the SDK on behalf of your employer or other entity.
2026-06-21T09:18:44.0558172Z 
2026-06-21T09:18:44.0558179Z 
2026-06-21T09:18:44.0558340Z 3. SDK License from Google
2026-06-21T09:18:44.0558615Z 
2026-06-21T09:18:44.0560131Z 3.1 Subject to the terms of the License Agreement, Google grants you a limited, worldwide, royalty-free, non-assignable, non-exclusive, and non-sublicensable license to use the SDK solely to develop applications for compatible implementations of Android.
2026-06-21T09:18:44.0561815Z 
2026-06-21T09:18:44.0563790Z 3.2 You may not use this SDK to develop applications for other platforms (including non-compatible implementations of Android) or to develop another SDK. You are of course free to develop applications for other platforms, including non-compatible implementations of Android, provided that this SDK is not used for that purpose.
2026-06-21T09:18:44.0566102Z 
2026-06-21T09:18:44.0568395Z 3.3 You agree that Google or third parties own all legal right, title and interest in and to the SDK, including any Intellectual Property Rights that subsist in the SDK. "Intellectual Property Rights" means any and all rights under patent law, copyright law, trade secret law, trademark law, and any and all other proprietary rights. Google reserves all rights not expressly granted to you.
2026-06-21T09:18:44.0570903Z 
2026-06-21T09:18:44.0572903Z 3.4 You may not use the SDK for any purpose not expressly permitted by the License Agreement. Except to the extent required by applicable third party licenses, you may not copy (except for backup purposes), modify, adapt, redistribute, decompile, reverse engineer, disassemble, or create derivative works of the SDK or any part of the SDK.
2026-06-21T09:18:44.0575383Z 
2026-06-21T09:18:44.0576592Z 3.5 Use, reproduction and distribution of components of the SDK licensed under an open source software license are governed solely by the terms of that open source software license and not the License Agreement.
2026-06-21T09:18:44.0577964Z 
2026-06-21T09:18:44.0580437Z 3.6 You agree that the form and nature of the SDK that Google provides may change without prior notice to you and that future versions of the SDK may be incompatible with applications developed on previous versions of the SDK. You agree that Google may stop (permanently or temporarily) providing the SDK (or any features within the SDK) to you or to users generally at Google's sole discretion, without prior notice to you.
2026-06-21T09:18:44.0583122Z 
2026-06-21T09:18:44.0583991Z 3.7 Nothing in the License Agreement gives you a right to use any of Google's trade names, trademarks, service marks, logos, domain names, or other distinctive brand features.
2026-06-21T09:18:44.0585270Z 
2026-06-21T09:18:44.0586224Z 3.8 You agree that you will not remove, obscure, or alter any proprietary rights notices (including copyright and trademark notices) that may be affixed to or contained within the SDK.
2026-06-21T09:18:44.0587309Z 
2026-06-21T09:18:44.0587317Z 
2026-06-21T09:18:44.0587459Z 4. Use of the SDK by You
2026-06-21T09:18:44.0587682Z 
2026-06-21T09:18:44.0589047Z 4.1 Google agrees that it obtains no right, title or interest from you (or your licensors) under the License Agreement in or to any software applications that you develop using the SDK, including any intellectual property rights that subsist in those applications.
2026-06-21T09:18:44.0589999Z 
2026-06-21T09:18:44.0591117Z 4.2 You agree to use the SDK and write applications only for purposes that are permitted by (a) the License Agreement and (b) any applicable law, regulation or generally accepted practices or guidelines in the relevant jurisdictions (including any laws regarding the export of data or software to and from the United States or other relevant countries).
2026-06-21T09:18:44.0592959Z 
2026-06-21T09:18:44.0595824Z 4.3 You agree that if you use the SDK to develop applications for general public users, you will protect the privacy and legal rights of those users. If the users provide you with user names, passwords, or other login information or personal information, you must make the users aware that the information will be available to your application, and you must provide legally adequate privacy notice and protection for those users. If your application stores personal or sensitive information provided by users, it must do so securely. If the user provides your application with Google Account information, your application may only use that information to access the user's Google Account when, and for the limited purposes for which, the user has given you permission to do so.
2026-06-21T09:18:44.0598549Z 
2026-06-21T09:18:44.0599995Z 4.4 You agree that you will not engage in any activity with the SDK, including the development or distribution of an application, that interferes with, disrupts, damages, or accesses in an unauthorized manner the servers, networks, or other properties or services of any third party including, but not limited to, Google or any mobile communications carrier.
2026-06-21T09:18:44.0601231Z 
2026-06-21T09:18:44.0602318Z 4.5 You agree that you are solely responsible for (and that Google has no responsibility to you or to any third party for) any data, content, or resources that you create, transmit or display through Android and/or applications for Android, and for the consequences of your actions (including any loss or damage which Google may suffer) by doing so.
2026-06-21T09:18:44.0603476Z 
2026-06-21T09:18:44.0604708Z 4.6 You agree that you are solely responsible for (and that Google has no responsibility to you or to any third party for) any breach of your obligations under the License Agreement, any applicable third party contract or Terms of Service, or any applicable law or regulation, and for the consequences (including any loss or damage which Google or any third party may suffer) of any such breach.
2026-06-21T09:18:44.0606759Z 
2026-06-21T09:18:44.0608734Z 4.7 This software enables the execution of intellectual property owned by Arm Limited. You agree that your use of the software, that allows execution of ARM Instruction Set Architecture (“ISA”) compliant executables for application development and debug only on x86 desktop, laptop, customer on-premise servers, and customer-procured cloud-based environments.
2026-06-21T09:18:44.0610015Z 
2026-06-21T09:18:44.0610123Z 5. Your Developer Credentials
2026-06-21T09:18:44.0610288Z 
2026-06-21T09:18:44.0611175Z 5.1 You agree that you are responsible for maintaining the confidentiality of any developer credentials that may be issued to you by Google or which you may choose yourself and that you will be solely responsible for all applications that are developed under your developer credentials.
2026-06-21T09:18:44.0612159Z 
2026-06-21T09:18:44.0612258Z 6. Privacy and Information
2026-06-21T09:18:44.0612419Z 
2026-06-21T09:18:44.0613966Z 6.1 In order to continually innovate and improve the SDK, Google may collect certain usage statistics from the software including but not limited to a unique identifier, associated IP address, version number of the software, and information on which tools and/or services in the SDK are being used and how they are being used. Before any of this information is collected, the SDK will notify you and seek your consent. If you withhold consent, the information will not be collected.
2026-06-21T09:18:44.0616315Z 
2026-06-21T09:18:44.0616727Z 6.2 The data collected is examined in the aggregate to improve the SDK and is maintained in accordance with Google's Privacy Policy.
2026-06-21T09:18:44.0617212Z 
2026-06-21T09:18:44.0617216Z 
2026-06-21T09:18:44.0617320Z 7. Third Party Applications
2026-06-21T09:18:44.0617477Z 
2026-06-21T09:18:44.0619518Z 7.1 If you use the SDK to run applications developed by a third party or that access data, content or resources provided by a third party, you agree that Google is not responsible for those applications, data, content, or resources. You understand that all data, content or resources which you may access through such third party applications are the sole responsibility of the person from which they originated and that Google is not liable for any loss or damage that you may experience as a result of the use or access of any of those third party applications, data, content, or resources.
2026-06-21T09:18:44.0621493Z 
2026-06-21T09:18:44.0623013Z 7.2 You should be aware the data, content, and resources presented to you through such a third party application may be protected by intellectual property rights which are owned by the providers (or by other persons or companies on their behalf). You may not modify, rent, lease, loan, sell, distribute or create derivative works based on these data, content, or resources (either in whole or in part) unless you have been specifically given permission to do so by the relevant owners.
2026-06-21T09:18:44.0624641Z 
2026-06-21T09:18:44.0626090Z 7.3 You acknowledge that your use of such third party applications, data, content, or resources may be subject to separate terms between you and the relevant third party. In that case, the License Agreement does not affect your legal relationship with these third parties.
2026-06-21T09:18:44.0627054Z 
2026-06-21T09:18:44.0627059Z 
2026-06-21T09:18:44.0627148Z 8. Using Android APIs
2026-06-21T09:18:44.0627291Z 
2026-06-21T09:18:44.0627375Z 8.1 Google Data APIs
2026-06-21T09:18:44.0627548Z 
2026-06-21T09:18:44.0629119Z 8.1.1 If you use any API to retrieve data from Google, you acknowledge that the data may be protected by intellectual property rights which are owned by Google or those parties that provide the data (or by other persons or companies on their behalf). Your use of any such API may be subject to additional Terms of Service. You may not modify, rent, lease, loan, sell, distribute or create derivative works based on this data (either in whole or in part) unless allowed by the relevant Terms of Service.
2026-06-21T09:18:44.0630910Z 
2026-06-21T09:18:44.0633611Z 8.1.2 If you use any API to retrieve a user's data from Google, you acknowledge and agree that you shall retrieve data only with the user's explicit consent and only when, and for the limited purposes for which, the user has given you permission to do so. If you use the Android Recognition Service API, documented at the following URL: https://developer.android.com/reference/android/speech/RecognitionService, as updated from time to time, you acknowledge that the use of the API is subject to the Data Processing Addendum for Products where Google is a Data Processor, which is located at the following URL: https://privacy.google.com/businesses/gdprprocessorterms/, as updated from time to time. By clicking to accept, you hereby agree to the terms of the Data Processing Addendum for Products where Google is a Data Processor.
2026-06-21T09:18:44.0638028Z 
2026-06-21T09:18:44.0638036Z 
2026-06-21T09:18:44.0638237Z 9. Terminating the License Agreement
2026-06-21T09:18:44.0638585Z 
2026-06-21T09:18:44.0638985Z 9.1 The License Agreement will continue to apply until terminated by either you or Google as set out below.
2026-06-21T09:18:44.0639406Z 
2026-06-21T09:18:44.0639789Z 9.2 If you want to terminate the License Agreement, you may do so by ceasing your use of the SDK and any relevant developer credentials.
2026-06-21T09:18:44.0640282Z 
2026-06-21T09:18:44.0642461Z 9.3 Google may at any time, terminate the License Agreement with you if: (A) you have breached any provision of the License Agreement; or (B) Google is required to do so by law; or (C) the partner with whom Google offered certain parts of SDK (such as APIs) to you has terminated its relationship with Google or ceased to offer certain parts of the SDK to you; or (D) Google decides to no longer provide the SDK or certain parts of the SDK to users in the country in which you are resident or from which you use the service, or the provision of the SDK or certain SDK services to you by Google is, in Google's sole discretion, no longer commercially viable.
2026-06-21T09:18:44.0644591Z 
2026-06-21T09:18:44.0646331Z 9.4 When the License Agreement comes to an end, all of the legal rights, obligations and liabilities that you and Google have benefited from, been subject to (or which have accrued over time whilst the License Agreement has been in force) or which are expressed to continue indefinitely, shall be unaffected by this cessation, and the provisions of paragraph 14.7 shall continue to apply to such rights, obligations and liabilities indefinitely.
2026-06-21T09:18:44.0647825Z 
2026-06-21T09:18:44.0647830Z 
2026-06-21T09:18:44.0647937Z 10. DISCLAIMER OF WARRANTIES
2026-06-21T09:18:44.0648098Z 
2026-06-21T09:18:44.0648627Z 10.1 YOU EXPRESSLY UNDERSTAND AND AGREE THAT YOUR USE OF THE SDK IS AT YOUR SOLE RISK AND THAT THE SDK IS PROVIDED "AS IS" AND "AS AVAILABLE" WITHOUT WARRANTY OF ANY KIND FROM GOOGLE.
2026-06-21T09:18:44.0649240Z 
2026-06-21T09:18:44.0650048Z 10.2 YOUR USE OF THE SDK AND ANY MATERIAL DOWNLOADED OR OTHERWISE OBTAINED THROUGH THE USE OF THE SDK IS AT YOUR OWN DISCRETION AND RISK AND YOU ARE SOLELY RESPONSIBLE FOR ANY DAMAGE TO YOUR COMPUTER SYSTEM OR OTHER DEVICE OR LOSS OF DATA THAT RESULTS FROM SUCH USE.
2026-06-21T09:18:44.0650937Z 
2026-06-21T09:18:44.0651734Z 10.3 GOOGLE FURTHER EXPRESSLY DISCLAIMS ALL WARRANTIES AND CONDITIONS OF ANY KIND, WHETHER EXPRESS OR IMPLIED, INCLUDING, BUT NOT LIMITED TO THE IMPLIED WARRANTIES AND CONDITIONS OF MERCHANTABILITY, FITNESS FOR A PARTICULAR PURPOSE AND NON-INFRINGEMENT.
2026-06-21T09:18:44.0652624Z 
2026-06-21T09:18:44.0652628Z 
2026-06-21T09:18:44.0652727Z 11. LIMITATION OF LIABILITY
2026-06-21T09:18:44.0652880Z 
2026-06-21T09:18:44.0654272Z 11.1 YOU EXPRESSLY UNDERSTAND AND AGREE THAT GOOGLE, ITS SUBSIDIARIES AND AFFILIATES, AND ITS LICENSORS SHALL NOT BE LIABLE TO YOU UNDER ANY THEORY OF LIABILITY FOR ANY DIRECT, INDIRECT, INCIDENTAL, SPECIAL, CONSEQUENTIAL OR EXEMPLARY DAMAGES THAT MAY BE INCURRED BY YOU, INCLUDING ANY LOSS OF DATA, WHETHER OR NOT GOOGLE OR ITS REPRESENTATIVES HAVE BEEN ADVISED OF OR SHOULD HAVE BEEN AWARE OF THE POSSIBILITY OF ANY SUCH LOSSES ARISING.
2026-06-21T09:18:44.0656129Z 
2026-06-21T09:18:44.0656133Z 
2026-06-21T09:18:44.0656222Z 12. Indemnification
2026-06-21T09:18:44.0656357Z 
2026-06-21T09:18:44.0658642Z 12.1 To the maximum extent permitted by law, you agree to defend, indemnify and hold harmless Google, its affiliates and their respective directors, officers, employees and agents from and against any and all claims, actions, suits or proceedings, as well as any and all losses, liabilities, damages, costs and expenses (including reasonable attorneys fees) arising out of or accruing from (a) your use of the SDK, (b) any application you develop on the SDK that infringes any copyright, trademark, trade secret, trade dress, patent or other intellectual property right of any person or defames any person or violates their rights of publicity or privacy, and (c) any non-compliance by you with the License Agreement.
2026-06-21T09:18:44.0661013Z 
2026-06-21T09:18:44.0661017Z 
2026-06-21T09:18:44.0661134Z 13. Changes to the License Agreement
2026-06-21T09:18:44.0661312Z 
2026-06-21T09:18:44.0662047Z 13.1 Google may make changes to the License Agreement as it distributes new versions of the SDK. When these changes are made, Google will make a new version of the License Agreement available on the website where the SDK is made available.
2026-06-21T09:18:44.0662859Z 
2026-06-21T09:18:44.0662864Z 
2026-06-21T09:18:44.0662950Z 14. General Legal Terms
2026-06-21T09:18:44.0663091Z 
2026-06-21T09:18:44.0664047Z 14.1 The License Agreement constitutes the whole legal agreement between you and Google and governs your use of the SDK (excluding any services which Google may provide to you under a separate written agreement), and completely replaces any prior agreements between you and Google in relation to the SDK.
2026-06-21T09:18:44.0665285Z 
2026-06-21T09:18:44.0666519Z 14.2 You agree that if Google does not exercise or enforce any legal right or remedy which is contained in the License Agreement (or which Google has the benefit of under any applicable law), this will not be taken to be a formal waiver of Google's rights and that those rights or remedies will still be available to Google.
2026-06-21T09:18:44.0667616Z 
2026-06-21T09:18:44.0668687Z 14.3 If any court of law, having the jurisdiction to decide on this matter, rules that any provision of the License Agreement is invalid, then that provision will be removed from the License Agreement without affecting the rest of the License Agreement. The remaining provisions of the License Agreement will continue to be valid and enforceable.
2026-06-21T09:18:44.0669862Z 
2026-06-21T09:18:44.0671281Z 14.4 You acknowledge and agree that each member of the group of companies of which Google is the parent shall be third party beneficiaries to the License Agreement and that such other companies shall be entitled to directly enforce, and rely upon, any provision of the License Agreement that confers a benefit on (or rights in favor of) them. Other than this, no other person or company shall be third party beneficiaries to the License Agreement.
2026-06-21T09:18:44.0672768Z 
2026-06-21T09:18:44.0673596Z 14.5 EXPORT RESTRICTIONS. THE SDK IS SUBJECT TO UNITED STATES EXPORT LAWS AND REGULATIONS. YOU MUST COMPLY WITH ALL DOMESTIC AND INTERNATIONAL EXPORT LAWS AND REGULATIONS THAT APPLY TO THE SDK. THESE LAWS INCLUDE RESTRICTIONS ON DESTINATIONS, END USERS AND END USE.
2026-06-21T09:18:44.0674513Z 
2026-06-21T09:18:44.0675873Z 14.6 The rights granted in the License Agreement may not be assigned or transferred by either you or Google without the prior written approval of the other party. Neither you nor Google shall be permitted to delegate their responsibilities or obligations under the License Agreement without the prior written approval of the other party.
2026-06-21T09:18:44.0677045Z 
2026-06-21T09:18:44.0678967Z 14.7 The License Agreement, and your relationship with Google under the License Agreement, shall be governed by the laws of the State of California without regard to its conflict of laws provisions. You and Google agree to submit to the exclusive jurisdiction of the courts located within the county of Santa Clara, California to resolve any legal matter arising from the License Agreement. Notwithstanding this, you agree that Google shall still be allowed to apply for injunctive remedies (or an equivalent type of urgent legal relief) in any jurisdiction.
2026-06-21T09:18:44.0680888Z 
2026-06-21T09:18:44.0680893Z 
2026-06-21T09:18:44.0680981Z January 16, 2019
2026-06-21T09:18:44.0681200Z ---------------------------------------
2026-06-21T09:18:44.0681470Z Accept? (y/N): 
2026-06-21T09:18:44.0681707Z 4/6: License android-sdk-preview-license:
2026-06-21T09:18:44.0681997Z ---------------------------------------
2026-06-21T09:18:44.0683382Z To get started with the Android SDK Preview, you must agree to the following terms and conditions. As described below, please note that this is a preview version of the Android SDK, subject to change, that you use at your own risk. The Android SDK Preview is not a stable release, and may contain errors and defects that can result in serious damage to your computer systems, devices and data.
2026-06-21T09:18:44.0684692Z 
2026-06-21T09:18:44.0684902Z This is the Android SDK Preview License Agreement (the "License Agreement").
2026-06-21T09:18:44.0685614Z 
2026-06-21T09:18:44.0685709Z 1. Introduction
2026-06-21T09:18:44.0685831Z 
2026-06-21T09:18:44.0688297Z 1.1 The Android SDK Preview (referred to in the License Agreement as the “Preview” and specifically including the Android system files, packaged APIs, and Preview library files, if and when they are made available) is licensed to you subject to the terms of the License Agreement. The License Agreement forms a legally binding contract between you and Google in relation to your use of the Preview.
2026-06-21T09:18:44.0689682Z 
2026-06-21T09:18:44.0690514Z 1.2 "Android" means the Android software stack for devices, as made available under the Android Open Source Project, which is located at the following URL: http://source.android.com/, as updated from time to time.
2026-06-21T09:18:44.0691269Z 
2026-06-21T09:18:44.0691751Z 1.3 "Google" means Google Inc., a Delaware corporation with principal place of business at 1600 Amphitheatre Parkway, Mountain View, CA 94043, United States.
2026-06-21T09:18:44.0692312Z 
2026-06-21T09:18:44.0692419Z 2. Accepting the License Agreement
2026-06-21T09:18:44.0692596Z 
2026-06-21T09:18:44.0693028Z 2.1 In order to use the Preview, you must first agree to the License Agreement. You may not use the Preview if you do not accept the License Agreement.
2026-06-21T09:18:44.0693558Z 
2026-06-21T09:18:44.0693852Z 2.2 By clicking to accept and/or using the Preview, you hereby agree to the terms of the License Agreement.
2026-06-21T09:18:44.0694247Z 
2026-06-21T09:18:44.0695289Z 2.3 You may not use the Preview and may not accept the License Agreement if you are a person barred from receiving the Preview under the laws of the United States or other countries including the country in which you are resident or from which you use the Preview.
2026-06-21T09:18:44.0696213Z 
2026-06-21T09:18:44.0697599Z 2.4 If you will use the Preview internally within your company or organization you agree to be bound by the License Agreement on behalf of your employer or other entity, and you represent and warrant that you have full legal authority to bind your employer or such entity to the License Agreement. If you do not have the requisite authority, you may not accept the License Agreement or use the Preview on behalf of your employer or other entity.
2026-06-21T09:18:44.0699056Z 
2026-06-21T09:18:44.0699161Z 3. Preview License from Google
2026-06-21T09:18:44.0699324Z 
2026-06-21T09:18:44.0700319Z 3.1 Subject to the terms of the License Agreement, Google grants you a royalty-free, non-assignable, non-exclusive, non-sublicensable, limited, revocable license to use the Preview, personally or internally within your company or organization, solely to develop applications to run on the Android platform.
2026-06-21T09:18:44.0701546Z 
2026-06-21T09:18:44.0702812Z 3.2 You agree that Google or third parties owns all legal right, title and interest in and to the Preview, including any Intellectual Property Rights that subsist in the Preview. "Intellectual Property Rights" means any and all rights under patent law, copyright law, trade secret law, trademark law, and any and all other proprietary rights. Google reserves all rights not expressly granted to you.
2026-06-21T09:18:44.0704172Z 
2026-06-21T09:18:44.0706394Z 3.3 You may not use the Preview for any purpose not expressly permitted by the License Agreement. Except to the extent required by applicable third party licenses, you may not: (a) copy (except for backup purposes), modify, adapt, redistribute, decompile, reverse engineer, disassemble, or create derivative works of the Preview or any part of the Preview; or (b) load any part of the Preview onto a mobile handset or any other hardware device except a personal computer, combine any part of the Preview with other software, or distribute any software or device incorporating a part of the Preview.
2026-06-21T09:18:44.0708377Z 
2026-06-21T09:18:44.0709161Z 3.4 You agree that you will not take any actions that may cause or result in the fragmentation of Android, including but not limited to distributing, participating in the creation of, or promoting in any way a software development kit derived from the Preview.
2026-06-21T09:18:44.0710042Z 
2026-06-21T09:18:44.0711386Z 3.5 Use, reproduction and distribution of components of the Preview licensed under an open source software license are governed solely by the terms of that open source software license and not the License Agreement. You agree to remain a licensee in good standing in regard to such open source software licenses under all the rights granted and to refrain from any actions that may terminate, suspend, or breach such rights.
2026-06-21T09:18:44.0712959Z 
2026-06-21T09:18:44.0715425Z 3.6 You agree that the form and nature of the Preview that Google provides may change without prior notice to you and that future versions of the Preview may be incompatible with applications developed on previous versions of the Preview. You agree that Google may stop (permanently or temporarily) providing the Preview (or any features within the Preview) to you or to users generally at Google's sole discretion, without prior notice to you.
2026-06-21T09:18:44.0718460Z 
2026-06-21T09:18:44.0719421Z 3.7 Nothing in the License Agreement gives you a right to use any of Google's trade names, trademarks, service marks, logos, domain names, or other distinctive brand features.
2026-06-21T09:18:44.0720571Z 
2026-06-21T09:18:44.0721642Z 3.8 You agree that you will not remove, obscure, or alter any proprietary rights notices (including copyright and trademark notices) that may be affixed to or contained within the Preview.
2026-06-21T09:18:44.0722879Z 
2026-06-21T09:18:44.0723055Z 4. Use of the Preview by You
2026-06-21T09:18:44.0723344Z 
2026-06-21T09:18:44.0725369Z 4.1 Google agrees that nothing in the License Agreement gives Google any right, title or interest from you (or your licensors) under the License Agreement in or to any software applications that you develop using the Preview, including any intellectual property rights that subsist in those applications.
2026-06-21T09:18:44.0727356Z 
2026-06-21T09:18:44.0729481Z 4.2 You agree to use the Preview and write applications only for purposes that are permitted by (a) the License Agreement, and (b) any applicable law, regulation or generally accepted practices or guidelines in the relevant jurisdictions (including any laws regarding the export of data or software to and from the United States or other relevant countries).
2026-06-21T09:18:44.0731741Z 
2026-06-21T09:18:44.0734983Z 4.3 You agree that if you use the Preview to develop applications, you will protect the privacy and legal rights of users. If users provide you with user names, passwords, or other login information or personal information, you must make the users aware that the information will be available to your application, and you must provide legally adequate privacy notice and protection for those users. If your application stores personal or sensitive information provided by users, it must do so securely. If users provide you with Google Account information, your application may only use that information to access the user's Google Account when, and for the limited purposes for which, each user has given you permission to do so.
2026-06-21T09:18:44.0738001Z 
2026-06-21T09:18:44.0738952Z 4.4 You agree that you will not engage in any activity with the Preview, including the development or distribution of an application, that interferes with, disrupts, damages, or accesses in an unauthorized manner the servers, networks, or other properties or services of Google or any third party.
2026-06-21T09:18:44.0739987Z 
2026-06-21T09:18:44.0741102Z 4.5 You agree that you are solely responsible for (and that Google has no responsibility to you or to any third party for) any data, content, or resources that you create, transmit or display through Android and/or applications for Android, and for the consequences of your actions (including any loss or damage which Google may suffer) by doing so.
2026-06-21T09:18:44.0742277Z 
2026-06-21T09:18:44.0743508Z 4.6 You agree that you are solely responsible for (and that Google has no responsibility to you or to any third party for) any breach of your obligations under the License Agreement, any applicable third party contract or Terms of Service, or any applicable law or regulation, and for the consequences (including any loss or damage which Google or any third party may suffer) of any such breach.
2026-06-21T09:18:44.0744831Z 
2026-06-21T09:18:44.0746736Z 4.7 The Preview is in development, and your testing and feedback are an important part of the development process. By using the Preview, you acknowledge that implementation of some features are still under development and that you should not rely on the Preview having the full functionality of a stable release. You agree not to publicly distribute or ship any application using this Preview as this Preview will no longer be supported after the official Android SDK is released.
2026-06-21T09:18:44.0748386Z 
2026-06-21T09:18:44.0748493Z 5. Your Developer Credentials
2026-06-21T09:18:44.0748658Z 
2026-06-21T09:18:44.0749554Z 5.1 You agree that you are responsible for maintaining the confidentiality of any developer credentials that may be issued to you by Google or which you may choose yourself and that you will be solely responsible for all applications that are developed under your developer credentials.
2026-06-21T09:18:44.0750530Z 
2026-06-21T09:18:44.0750629Z 6. Privacy and Information
2026-06-21T09:18:44.0750785Z 
2026-06-21T09:18:44.0752346Z 6.1 In order to continually innovate and improve the Preview, Google may collect certain usage statistics from the software including but not limited to a unique identifier, associated IP address, version number of the software, and information on which tools and/or services in the Preview are being used and how they are being used. Before any of this information is collected, the Preview will notify you and seek your consent. If you withhold consent, the information will not be collected.
2026-06-21T09:18:44.0753987Z 
2026-06-21T09:18:44.0754585Z 6.2 The data collected is examined in the aggregate to improve the Preview and is maintained in accordance with Google's Privacy Policy located at http://www.google.com/policies/privacy/.
2026-06-21T09:18:44.0755575Z 
2026-06-21T09:18:44.0755683Z 7. Third Party Applications
2026-06-21T09:18:44.0755851Z 
2026-06-21T09:18:44.0757752Z 7.1 If you use the Preview to run applications developed by a third party or that access data, content or resources provided by a third party, you agree that Google is not responsible for those applications, data, content, or resources. You understand that all data, content or resources which you may access through such third party applications are the sole responsibility of the person from which they originated and that Google is not liable for any loss or damage that you may experience as a result of the use or access of any of those third party applications, data, content, or resources.
2026-06-21T09:18:44.0759865Z 
2026-06-21T09:18:44.0761415Z 7.2 You should be aware the data, content, and resources presented to you through such a third party application may be protected by intellectual property rights which are owned by the providers (or by other persons or companies on their behalf). You may not modify, rent, lease, loan, sell, distribute or create derivative works based on these data, content, or resources (either in whole or in part) unless you have been specifically given permission to do so by the relevant owners.
2026-06-21T09:18:44.0763045Z 
2026-06-21T09:18:44.0763576Z 7.3 You acknowledge that your use of such third party applications, data, content, or resources may be subject to separate terms between you and the relevant third party.
2026-06-21T09:18:44.0764189Z 
2026-06-21T09:18:44.0764278Z 8. Using Google APIs
2026-06-21T09:18:44.0764420Z 
2026-06-21T09:18:44.0764504Z 8.1 Google APIs
2026-06-21T09:18:44.0764627Z 
2026-06-21T09:18:44.0766560Z 8.1.1 If you use any API to retrieve data from Google, you acknowledge that the data may be protected by intellectual property rights which are owned by Google or those parties that provide the data (or by other persons or companies on their behalf). Your use of any such API may be subject to additional Terms of Service. You may not modify, rent, lease, loan, sell, distribute or create derivative works based on this data (either in whole or in part) unless allowed by the relevant Terms of Service.
2026-06-21T09:18:44.0768222Z 
2026-06-21T09:18:44.0769117Z 8.1.2 If you use any API to retrieve a user's data from Google, you acknowledge and agree that you shall retrieve data only with the user's explicit consent and only when, and for the limited purposes for which, the user has given you permission to do so.
2026-06-21T09:18:44.0769972Z 
2026-06-21T09:18:44.0770080Z 9. Terminating the License Agreement
2026-06-21T09:18:44.0770268Z 
2026-06-21T09:18:44.0770577Z 9.1 the License Agreement will continue to apply until terminated by either you or Google as set out below.
2026-06-21T09:18:44.0770988Z 
2026-06-21T09:18:44.0771377Z 9.2 If you want to terminate the License Agreement, you may do so by ceasing your use of the Preview and any relevant developer credentials.
2026-06-21T09:18:44.0771888Z 
2026-06-21T09:18:44.0772177Z 9.3 Google may at any time, terminate the License Agreement, with or without cause, upon notice to you.
2026-06-21T09:18:44.0772561Z 
2026-06-21T09:18:44.0773596Z 9.4 The License Agreement will automatically terminate without notice or other action upon the earlier of: (A) when Google ceases to provide the Preview or certain parts of the Preview to users in the country in which you are resident or from which you use the service; and (B) Google issues a final release version of the Android SDK.
2026-06-21T09:18:44.0774705Z 
2026-06-21T09:18:44.0775868Z 9.5 When the License Agreement is terminated, the license granted to you in the License Agreement will terminate, you will immediately cease all use of the Preview, and the provisions of paragraphs 10, 11, 12 and 14 shall survive indefinitely.
2026-06-21T09:18:44.0776716Z 
2026-06-21T09:18:44.0776801Z 10. DISCLAIMERS
2026-06-21T09:18:44.0776925Z 
2026-06-21T09:18:44.0777478Z 10.1 YOU EXPRESSLY UNDERSTAND AND AGREE THAT YOUR USE OF THE PREVIEW IS AT YOUR SOLE RISK AND THAT THE PREVIEW IS PROVIDED "AS IS" AND "AS AVAILABLE" WITHOUT WARRANTY OF ANY KIND FROM GOOGLE.
2026-06-21T09:18:44.0778127Z 
2026-06-21T09:18:44.0779896Z 10.2 YOUR USE OF THE PREVIEW AND ANY MATERIAL DOWNLOADED OR OTHERWISE OBTAINED THROUGH THE USE OF THE PREVIEW IS AT YOUR OWN DISCRETION AND RISK AND YOU ARE SOLELY RESPONSIBLE FOR ANY DAMAGE TO YOUR COMPUTER SYSTEM OR OTHER DEVICE OR LOSS OF DATA THAT RESULTS FROM SUCH USE. WITHOUT LIMITING THE FOREGOING, YOU UNDERSTAND THAT THE PREVIEW IS NOT A STABLE RELEASE AND MAY CONTAIN ERRORS, DEFECTS AND SECURITY VULNERABILITIES THAT CAN RESULT IN SIGNIFICANT DAMAGE, INCLUDING THE COMPLETE, IRRECOVERABLE LOSS OF USE OF YOUR COMPUTER SYSTEM OR OTHER DEVICE.
2026-06-21T09:18:44.0781945Z 
2026-06-21T09:18:44.0782743Z 10.3 GOOGLE FURTHER EXPRESSLY DISCLAIMS ALL WARRANTIES AND CONDITIONS OF ANY KIND, WHETHER EXPRESS OR IMPLIED, INCLUDING, BUT NOT LIMITED TO THE IMPLIED WARRANTIES AND CONDITIONS OF MERCHANTABILITY, FITNESS FOR A PARTICULAR PURPOSE AND NON-INFRINGEMENT.
2026-06-21T09:18:44.0783635Z 
2026-06-21T09:18:44.0783731Z 11. LIMITATION OF LIABILITY
2026-06-21T09:18:44.0783893Z 
2026-06-21T09:18:44.0785458Z 11.1 YOU EXPRESSLY UNDERSTAND AND AGREE THAT GOOGLE, ITS SUBSIDIARIES AND AFFILIATES, AND ITS LICENSORS SHALL NOT BE LIABLE TO YOU UNDER ANY THEORY OF LIABILITY FOR ANY DIRECT, INDIRECT, INCIDENTAL, SPECIAL, CONSEQUENTIAL OR EXEMPLARY DAMAGES THAT MAY BE INCURRED BY YOU, INCLUDING ANY LOSS OF DATA, WHETHER OR NOT GOOGLE OR ITS REPRESENTATIVES HAVE BEEN ADVISED OF OR SHOULD HAVE BEEN AWARE OF THE POSSIBILITY OF ANY SUCH LOSSES ARISING.
2026-06-21T09:18:44.0786925Z 
2026-06-21T09:18:44.0787019Z 12. Indemnification
2026-06-21T09:18:44.0787149Z 
2026-06-21T09:18:44.0789834Z 12.1 To the maximum extent permitted by law, you agree to defend, indemnify and hold harmless Google, its affiliates and their respective directors, officers, employees and agents from and against any and all claims, actions, suits or proceedings, as well as any and all losses, liabilities, damages, costs and expenses (including reasonable attorneys’ fees) arising out of or accruing from (a) your use of the Preview, (b) any application you develop on the Preview that infringes any Intellectual Property Rights of any person or defames any person or violates their rights of publicity or privacy, and (c) any non-compliance by you of the License Agreement.
2026-06-21T09:18:44.0792041Z 
2026-06-21T09:18:44.0792335Z 13. Changes to the License Agreement
2026-06-21T09:18:44.0792521Z 
2026-06-21T09:18:44.0793281Z 13.1 Google may make changes to the License Agreement as it distributes new versions of the Preview. When these changes are made, Google will make a new version of the License Agreement available on the website where the Preview is made available.
2026-06-21T09:18:44.0794125Z 
2026-06-21T09:18:44.0794220Z 14. General Legal Terms
2026-06-21T09:18:44.0794358Z 
2026-06-21T09:18:44.0795522Z 14.1 the License Agreement constitutes the whole legal agreement between you and Google and governs your use of the Preview (excluding any services which Google may provide to you under a separate written agreement), and completely replaces any prior agreements between you and Google in relation to the Preview.
2026-06-21T09:18:44.0796621Z 
2026-06-21T09:18:44.0797610Z 14.2 You agree that if Google does not exercise or enforce any legal right or remedy which is contained in the License Agreement (or which Google has the benefit of under any applicable law), this will not be taken to be a formal waiver of Google's rights and that those rights or remedies will still be available to Google.
2026-06-21T09:18:44.0798690Z 
2026-06-21T09:18:44.0799774Z 14.3 If any court of law, having the jurisdiction to decide on this matter, rules that any provision of the License Agreement is invalid, then that provision will be removed from the License Agreement without affecting the rest of the License Agreement. The remaining provisions of the License Agreement will continue to be valid and enforceable.
2026-06-21T09:18:44.0800939Z 
2026-06-21T09:18:44.0802354Z 14.4 You acknowledge and agree that each member of the group of companies of which Google is the parent shall be third party beneficiaries to the License Agreement and that such other companies shall be entitled to directly enforce, and rely upon, any provision of the License Agreement that confers a benefit on (or rights in favor of) them. Other than this, no other person or company shall be third party beneficiaries to the License Agreement.
2026-06-21T09:18:44.0803996Z 
2026-06-21T09:18:44.0804858Z 14.5 EXPORT RESTRICTIONS. THE PREVIEW IS SUBJECT TO UNITED STATES EXPORT LAWS AND REGULATIONS. YOU MUST COMPLY WITH ALL DOMESTIC AND INTERNATIONAL EXPORT LAWS AND REGULATIONS THAT APPLY TO THE PREVIEW. THESE LAWS INCLUDE RESTRICTIONS ON DESTINATIONS, END USERS AND END USE.
2026-06-21T09:18:44.0805931Z 
2026-06-21T09:18:44.0806921Z 14.6 The License Agreement may not be assigned or transferred by you without the prior written approval of Google, and any attempted assignment without such approval will be void. You shall not delegate your responsibilities or obligations under the License Agreement without the prior written approval of Google.
2026-06-21T09:18:44.0808001Z 
2026-06-21T09:18:44.0809796Z 14.7 The License Agreement, and your relationship with Google under the License Agreement, shall be governed by the laws of the State of California without regard to its conflict of laws provisions. You and Google agree to submit to the exclusive jurisdiction of the courts located within the county of Santa Clara, California to resolve any legal matter arising from the License Agreement. Notwithstanding this, you agree that Google shall still be allowed to apply for injunctive remedies (or an equivalent type of urgent legal relief) in any jurisdiction.
2026-06-21T09:18:44.0811676Z 
2026-06-21T09:18:44.0811760Z June 2014.
2026-06-21T09:18:44.0811962Z ---------------------------------------
2026-06-21T09:18:44.0812229Z Accept? (y/N): 
2026-06-21T09:18:44.0812448Z 5/6: License google-gdk-license:
2026-06-21T09:18:44.0812707Z ---------------------------------------
2026-06-21T09:18:44.0813052Z This is a Developer Preview of the GDK that is subject to change.
2026-06-21T09:18:44.0813319Z 
2026-06-21T09:18:44.0813408Z Terms and Conditions
2026-06-21T09:18:44.0813545Z 
2026-06-21T09:18:44.0813678Z This is the Glass Development Kit License Agreement.
2026-06-21T09:18:44.0813917Z 
2026-06-21T09:18:44.0813997Z 1. Introduction
2026-06-21T09:18:44.0814244Z 
2026-06-21T09:18:44.0815914Z 1.1 The Glass Development Kit (referred to in this License Agreement as the "GDK" and specifically including the Android system files, packaged APIs, and GDK library files, if and when they are made available) is licensed to you subject to the terms of this License Agreement. This License Agreement forms a legally binding contract between you and Google in relation to your use of the GDK.
2026-06-21T09:18:44.0817264Z 
2026-06-21T09:18:44.0817501Z 1.2 "Glass" means Glass devices and the Glass software stack for use on Glass devices.
2026-06-21T09:18:44.0817834Z 
2026-06-21T09:18:44.0817839Z 
2026-06-21T09:18:44.0818509Z 1.3 "Android" means the Android software stack for devices, as made available under the Android Open Source Project, which is located at the following URL: http://source.android.com/, as updated from time to time.
2026-06-21T09:18:44.0819259Z 
2026-06-21T09:18:44.0819736Z 1.4 "Google" means Google Inc., a Delaware corporation with principal place of business at 1600 Amphitheatre Parkway, Mountain View, CA 94043, United States.
2026-06-21T09:18:44.0820303Z 
2026-06-21T09:18:44.0820404Z 2. Accepting this License Agreement
2026-06-21T09:18:44.0820585Z 
2026-06-21T09:18:44.0820995Z 2.1 In order to use the GDK, you must first agree to this License Agreement. You may not use the GDK if you do not accept this License Agreement.
2026-06-21T09:18:44.0821499Z 
2026-06-21T09:18:44.0821720Z 2.2 By clicking to accept, you hereby agree to the terms of this License Agreement.
2026-06-21T09:18:44.0822037Z 
2026-06-21T09:18:44.0822797Z 2.3 You may not use the GDK and may not accept the License Agreement if you are a person barred from receiving the GDK under the laws of the United States or other countries including the country in which you are resident or from which you use the GDK.
2026-06-21T09:18:44.0823642Z 
2026-06-21T09:18:44.0824811Z 2.4 If you are agreeing to be bound by this License Agreement on behalf of your employer or other entity, you represent and warrant that you have full legal authority to bind your employer or such entity to this License Agreement. If you do not have the requisite authority, you may not accept the License Agreement or use the GDK on behalf of your employer or other entity.
2026-06-21T09:18:44.0826361Z 
2026-06-21T09:18:44.0826456Z 3. GDK License from Google
2026-06-21T09:18:44.0826613Z 
2026-06-21T09:18:44.0827376Z 3.1 Subject to the terms of this License Agreement, Google grants you a limited, worldwide, royalty-free, non-assignable and non-exclusive license to use the GDK solely to develop applications to run on the Glass platform for Glass devices.
2026-06-21T09:18:44.0828222Z 
2026-06-21T09:18:44.0829462Z 3.2 You agree that Google or third parties own all legal right, title and interest in and to the GDK, including any Intellectual Property Rights that subsist in the GDK. "Intellectual Property Rights" means any and all rights under patent law, copyright law, trade secret law, trademark law, and any and all other proprietary rights. Google reserves all rights not expressly granted to you.
2026-06-21T09:18:44.0830793Z 
2026-06-21T09:18:44.0832746Z 3.3 You may not use the GDK for any purpose not expressly permitted by this License Agreement. Except to the extent required by applicable third party licenses, you may not: (a) copy (except for backup purposes), modify, adapt, redistribute, decompile, reverse engineer, disassemble, or create derivative works of the GDK or any part of the GDK; or (b) load any part of the GDK onto a mobile handset or wearable computing device or any other hardware device except a Glass device personal computer, combine any part of the GDK with other software, or distribute any software or device incorporating a part of the GDK.
2026-06-21T09:18:44.0834780Z 
2026-06-21T09:18:44.0835785Z 3.4 You agree that you will not take any actions that may cause or result in the fragmentation of Glass, including but not limited to distributing, participating in the creation of, or promoting in any way a software development kit derived from the GDK.
2026-06-21T09:18:44.0836658Z 
2026-06-21T09:18:44.0837311Z 3.5 Use, reproduction and distribution of components of the GDK licensed under an open source software license are governed solely by the terms of that open source software license and not this License Agreement.
2026-06-21T09:18:44.0838052Z 
2026-06-21T09:18:44.0839376Z 3.6 You agree that the form and nature of the GDK that Google provides may change without prior notice to you and that future versions of the GDK may be incompatible with applications developed on previous versions of the GDK. You agree that Google may stop (permanently or temporarily) providing the GDK (or any features within the GDK) to you or to users generally at Google's sole discretion, without prior notice to you.
2026-06-21T09:18:44.0862981Z 
2026-06-21T09:18:44.0863614Z 3.7 Nothing in this License Agreement gives you a right to use any of Google's trade names, trademarks, service marks, logos, domain names, or other distinctive brand features.
2026-06-21T09:18:44.0864323Z 
2026-06-21T09:18:44.0864898Z 3.8 You agree that you will not remove, obscure, or alter any proprietary rights notices (including copyright and trademark notices) that may be affixed to or contained within the GDK.
2026-06-21T09:18:44.0865894Z 
2026-06-21T09:18:44.0865898Z 
2026-06-21T09:18:44.0867057Z 3.9 Your use of any Android system files, packaged APIs, or other components of the GDK which are part of the Android Software Development Kit is subject to the terms of the Android Software Development Kit License Agreement located at http://developer.android.com/sdk/terms.html. These terms are hereby incorporated by reference into this License Agreement.
2026-06-21T09:18:44.0868308Z 
2026-06-21T09:18:44.0868401Z 4. Use of the GDK by You
2026-06-21T09:18:44.0868557Z 
2026-06-21T09:18:44.0869380Z 4.1 Google agrees that it obtains no right, title or interest from you (or your licensors) under this License Agreement in or to any software applications that you develop using the GDK, including any intellectual property rights that subsist in those applications.
2026-06-21T09:18:44.0870536Z 
2026-06-21T09:18:44.0872259Z 4.2 You agree to use the GDK and write applications only for purposes that are permitted by (a) this License Agreement, (b) the Glass Platform Developer Policies (located at https://developers.google.com/glass/policies, and hereby incorporated into this License Agreement by reference), and (c) any applicable law, regulation or generally accepted practices or guidelines in the relevant jurisdictions (including any laws regarding the export of data or software to and from the United States or other relevant countries).
2026-06-21T09:18:44.0874028Z 
2026-06-21T09:18:44.0876826Z 4.3 You agree that if you use the GDK to develop applications for general public users, you will protect the privacy and legal rights of those users. If the users provide you with user names, passwords, or other login information or personal information, you must make the users aware that the information will be available to your application, and you must provide legally adequate privacy notice and protection for those users. If your application stores personal or sensitive information provided by users, it must do so securely. If the user provides your application with Google Account information, your application may only use that information to access the user's Google Account when, and for the limited purposes for which, the user has given you permission to do so.
2026-06-21T09:18:44.0879505Z 
2026-06-21T09:18:44.0880531Z 4.4 You agree that you will not engage in any activity with the GDK, including the development or distribution of an application, that interferes with, disrupts, damages, or accesses in an unauthorized manner the servers, networks, or other properties or services of any third party including, but not limited to, Google.
2026-06-21T09:18:44.0881684Z 
2026-06-21T09:18:44.0882883Z 4.5 You agree that you are solely responsible for (and that Google has no responsibility to you or to any third party for) any data, content, or resources that you create, transmit or display through Glass and/or applications for Glass, and for the consequences of your actions (including any loss or damage which Google may suffer) by doing so.
2026-06-21T09:18:44.0884059Z 
2026-06-21T09:18:44.0885443Z 4.6 You agree that you are solely responsible for (and that Google has no responsibility to you or to any third party for) any breach of your obligations under this License Agreement, any applicable third party contract or Terms of Service, or any applicable law or regulation, and for the consequences (including any loss or damage which Google or any third party may suffer) of any such breach.
2026-06-21T09:18:44.0886758Z 
2026-06-21T09:18:44.0886762Z 
2026-06-21T09:18:44.0887932Z 4.7 The GDK is in development, and your testing and feedback are an important part of the development process. By using the GDK, you acknowledge that implementation of some features are still under development and that you should not rely on the GDK, Glass devices, Glass system software, Google Mirror API, or Glass services having the full functionality of a stable release.
2026-06-21T09:18:44.0889205Z 
2026-06-21T09:18:44.0889306Z 5. Your Developer Credentials
2026-06-21T09:18:44.0889480Z 
2026-06-21T09:18:44.0890361Z 5.1 You agree that you are responsible for maintaining the confidentiality of any developer credentials that may be issued to you by Google or which you may choose yourself and that you will be solely responsible for all applications that are developed under your developer credentials.
2026-06-21T09:18:44.0891345Z 
2026-06-21T09:18:44.0891448Z 6. Privacy and Information
2026-06-21T09:18:44.0891599Z 
2026-06-21T09:18:44.0891603Z 
2026-06-21T09:18:44.0893110Z 6.1 In order to continually innovate and improve the GDK, Google may collect certain usage statistics from the software including but not limited to a unique identifier, associated IP address, version number of the software, and information on which tools and/or services in the GDK are being used and how they are being used. Before any of this information is collected, the GDK will notify you and seek your consent. If you withhold consent, the information will not be collected.
2026-06-21T09:18:44.0894831Z 
2026-06-21T09:18:44.0895460Z 6.2 The data collected is examined in the aggregate to improve the GDK and is maintained in accordance with Google's Privacy Policy.
2026-06-21T09:18:44.0896017Z 
2026-06-21T09:18:44.0896117Z 7. Third Party Applications
2026-06-21T09:18:44.0896281Z 
2026-06-21T09:18:44.0898148Z 7.1 If you use the GDK to run applications developed by a third party or that access data, content or resources provided by a third party, you agree that Google is not responsible for those applications, data, content, or resources. You understand that all data, content or resources which you may access through such third party applications are the sole responsibility of the person from which they originated and that Google is not liable for any loss or damage that you may experience as a result of the use or access of any of those third party applications, data, content, or resources.
2026-06-21T09:18:44.0900091Z 
2026-06-21T09:18:44.0901608Z 7.2 You should be aware the data, content, and resources presented to you through such a third party application may be protected by intellectual property rights which are owned by the providers (or by other persons or companies on their behalf). You may not modify, rent, lease, loan, sell, distribute or create derivative works based on these data, content, or resources (either in whole or in part) unless you have been specifically given permission to do so by the relevant owners.
2026-06-21T09:18:44.0903220Z 
2026-06-21T09:18:44.0904061Z 7.3 You acknowledge that your use of such third party applications, data, content, or resources may be subject to separate terms between you and the relevant third party. In that case, this License Agreement does not affect your legal relationship with these third parties.
2026-06-21T09:18:44.0905119Z 
2026-06-21T09:18:44.0905450Z 8. Using Google APIs
2026-06-21T09:18:44.0905611Z 
2026-06-21T09:18:44.0905703Z 8.1 Google APIs
2026-06-21T09:18:44.0905825Z 
2026-06-21T09:18:44.0907405Z 8.1.1 If you use any API to retrieve data from Google, you acknowledge that the data may be protected by intellectual property rights which are owned by Google or those parties that provide the data (or by other persons or companies on their behalf). Your use of any such API may be subject to additional Terms of Service. You may not modify, rent, lease, loan, sell, distribute or create derivative works based on this data (either in whole or in part) unless allowed by the relevant Terms of Service.
2026-06-21T09:18:44.0909048Z 
2026-06-21T09:18:44.0909803Z 8.1.2 If you use any API to retrieve a user's data from Google, you acknowledge and agree that you shall retrieve data only with the user's explicit consent and only when, and for the limited purposes for which, the user has given you permission to do so.
2026-06-21T09:18:44.0910661Z 
2026-06-21T09:18:44.0910774Z 9. Terminating this License Agreement
2026-06-21T09:18:44.0910962Z 
2026-06-21T09:18:44.0911295Z 9.1 This License Agreement will continue to apply until terminated by either you or Google as set out below.
2026-06-21T09:18:44.0911701Z 
2026-06-21T09:18:44.0912086Z 9.2 If you want to terminate this License Agreement, you may do so by ceasing your use of the GDK and any relevant developer credentials.
2026-06-21T09:18:44.0912571Z 
2026-06-21T09:18:44.0914570Z 9.3 Google may at any time, terminate this License Agreement with you if: (A) you have breached any provision of this License Agreement; or (B) Google is required to do so by law; or (C) the partner with whom Google offered certain parts of GDK (such as APIs) to you has terminated its relationship with Google or ceased to offer certain parts of the GDK to you; or (D) Google decides to no longer provide the GDK or certain parts of the GDK to users in the country in which you are resident or from which you use the service, or the provision of the GDK or certain GDK services to you by Google is, in Google's sole discretion, no longer commercially viable.
2026-06-21T09:18:44.0916936Z 
2026-06-21T09:18:44.0918338Z 9.4 When this License Agreement comes to an end, all of the legal rights, obligations and liabilities that you and Google have benefited from, been subject to (or which have accrued over time whilst this License Agreement has been in force) or which are expressed to continue indefinitely, shall be unaffected by this cessation, and the provisions of paragraph 14.7 shall continue to apply to such rights, obligations and liabilities indefinitely.
2026-06-21T09:18:44.0919814Z 
2026-06-21T09:18:44.0919912Z 10. DISCLAIMER OF WARRANTIES
2026-06-21T09:18:44.0920079Z 
2026-06-21T09:18:44.0920593Z 10.1 YOU EXPRESSLY UNDERSTAND AND AGREE THAT YOUR USE OF THE GDK IS AT YOUR SOLE RISK AND THAT THE GDK IS PROVIDED "AS IS" AND "AS AVAILABLE" WITHOUT WARRANTY OF ANY KIND FROM GOOGLE.
2026-06-21T09:18:44.0921218Z 
2026-06-21T09:18:44.0922019Z 10.2 YOUR USE OF THE GDK AND ANY MATERIAL DOWNLOADED OR OTHERWISE OBTAINED THROUGH THE USE OF THE GDK IS AT YOUR OWN DISCRETION AND RISK AND YOU ARE SOLELY RESPONSIBLE FOR ANY DAMAGE TO YOUR COMPUTER SYSTEM OR OTHER DEVICE OR LOSS OF DATA THAT RESULTS FROM SUCH USE.
2026-06-21T09:18:44.0922900Z 
2026-06-21T09:18:44.0923944Z 10.3 GOOGLE FURTHER EXPRESSLY DISCLAIMS ALL WARRANTIES AND CONDITIONS OF ANY KIND, WHETHER EXPRESS OR IMPLIED, INCLUDING, BUT NOT LIMITED TO THE IMPLIED WARRANTIES AND CONDITIONS OF MERCHANTABILITY, FITNESS FOR A PARTICULAR PURPOSE AND NON-INFRINGEMENT.
2026-06-21T09:18:44.0924860Z 
2026-06-21T09:18:44.0924957Z 11. LIMITATION OF LIABILITY
2026-06-21T09:18:44.0925374Z 
2026-06-21T09:18:44.0926913Z 11.1 YOU EXPRESSLY UNDERSTAND AND AGREE THAT GOOGLE, ITS SUBSIDIARIES AND AFFILIATES, AND ITS LICENSORS SHALL NOT BE LIABLE TO YOU UNDER ANY THEORY OF LIABILITY FOR ANY DIRECT, INDIRECT, INCIDENTAL, SPECIAL, CONSEQUENTIAL OR EXEMPLARY DAMAGES THAT MAY BE INCURRED BY YOU, INCLUDING ANY LOSS OF DATA, WHETHER OR NOT GOOGLE OR ITS REPRESENTATIVES HAVE BEEN ADVISED OF OR SHOULD HAVE BEEN AWARE OF THE POSSIBILITY OF ANY SUCH LOSSES ARISING.
2026-06-21T09:18:44.0928407Z 
2026-06-21T09:18:44.0928500Z 12. Indemnification
2026-06-21T09:18:44.0928630Z 
2026-06-21T09:18:44.0931709Z 12.1 To the maximum extent permitted by law, you agree to defend, indemnify and hold harmless Google, its affiliates and their respective directors, officers, employees and agents from and against any and all claims, actions, suits or proceedings, as well as any and all losses, liabilities, damages, costs and expenses (including reasonable attorneys fees) arising out of or accruing from (a) your use of the GDK, (b) any application you develop on the GDK that infringes any copyright, trademark, trade secret, trade dress, patent or other intellectual property right of any person or defames any person or violates their rights of publicity or privacy, and (c) any non-compliance by you with this License Agreement.
2026-06-21T09:18:44.0936231Z 
2026-06-21T09:18:44.0936362Z 13. Changes to the License Agreement
2026-06-21T09:18:44.0936567Z 
2026-06-21T09:18:44.0937295Z 13.1 Google may make changes to the License Agreement as it distributes new versions of the GDK. When these changes are made, Google will make a new version of the License Agreement available on the website where the GDK is made available.
2026-06-21T09:18:44.0938127Z 
2026-06-21T09:18:44.0938224Z 14. General Legal Terms
2026-06-21T09:18:44.0938378Z 
2026-06-21T09:18:44.0939657Z 14.1 This License Agreement constitutes the whole legal agreement between you and Google and governs your use of the GDK (excluding any services which Google may provide to you under a separate written agreement), and completely replaces any prior agreements between you and Google in relation to the GDK.
2026-06-21T09:18:44.0941505Z 
2026-06-21T09:18:44.0942928Z 14.2 You agree that if Google does not exercise or enforce any legal right or remedy which is contained in this License Agreement (or which Google has the benefit of under any applicable law), this will not be taken to be a formal waiver of Google's rights and that those rights or remedies will still be available to Google.
2026-06-21T09:18:44.0944229Z 
2026-06-21T09:18:44.0945620Z 14.3 If any court of law, having the jurisdiction to decide on this matter, rules that any provision of this License Agreement is invalid, then that provision will be removed from this License Agreement without affecting the rest of this License Agreement. The remaining provisions of this License Agreement will continue to be valid and enforceable.
2026-06-21T09:18:44.0946814Z 
2026-06-21T09:18:44.0948222Z 14.4 You acknowledge and agree that each member of the group of companies of which Google is the parent shall be third party beneficiaries to this License Agreement and that such other companies shall be entitled to directly enforce, and rely upon, any provision of this License Agreement that confers a benefit on (or rights in favor of) them. Other than this, no other person or company shall be third party beneficiaries to this License Agreement.
2026-06-21T09:18:44.0949712Z 
2026-06-21T09:18:44.0950535Z 14.5 EXPORT RESTRICTIONS. THE GDK IS SUBJECT TO UNITED STATES EXPORT LAWS AND REGULATIONS. YOU MUST COMPLY WITH ALL DOMESTIC AND INTERNATIONAL EXPORT LAWS AND REGULATIONS THAT APPLY TO THE GDK. THESE LAWS INCLUDE RESTRICTIONS ON DESTINATIONS, END USERS AND END USE.
2026-06-21T09:18:44.0951443Z 
2026-06-21T09:18:44.0952520Z 14.6 The rights granted in this License Agreement may not be assigned or transferred by either you or Google without the prior written approval of the other party. Neither you nor Google shall be permitted to delegate their responsibilities or obligations under this License Agreement without the prior written approval of the other party.
2026-06-21T09:18:44.0953682Z 
2026-06-21T09:18:44.0955829Z 14.7 This License Agreement, and your relationship with Google under this License Agreement, shall be governed by the laws of the State of California without regard to its conflict of laws provisions. You and Google agree to submit to the exclusive jurisdiction of the courts located within the county of Santa Clara, California to resolve any legal matter arising from this License Agreement. Notwithstanding this, you agree that Google shall still be allowed to apply for injunctive remedies (or an equivalent type of urgent legal relief) in any jurisdiction.
2026-06-21T09:18:44.0957726Z 
2026-06-21T09:18:44.0957817Z November 19, 2013
2026-06-21T09:18:44.0958039Z ---------------------------------------
2026-06-21T09:18:44.0958308Z Accept? (y/N): 
2026-06-21T09:18:44.0958552Z 6/6: License mips-android-sysimage-license:
2026-06-21T09:18:44.0959068Z ---------------------------------------
2026-06-21T09:18:44.0962035Z MIPS Technologies, Inc. (“MIPS”) Internal Evaluation License Agreement for MIPS Android™ System Images for Android Software Development Kit (SDK): This Internal Evaluation License Agreement (this "Agreement") is entered into by and between MIPS and you (as an individual developer or a legal entity -- identified below as “Recipient”). MIPS shall make the Evaluation Software available to Recipient as described in accordance with the terms and conditions set forth below.
2026-06-21T09:18:44.0963792Z 
2026-06-21T09:18:44.0966558Z By clicking on the “Accept” button, downloading, installing, or otherwise using the Evaluation Materials (defined below), you agree to be bound by the terms of this Agreement effective as of the date you click “Accept” (the “Effective Date”), and if doing so on behalf of an entity, you represent that you are authorized to bind the entity to the terms and conditions of this Agreement. If you do not agree to be bound by the terms and conditions of this Agreement, do not download, install, or use the Evaluation Materials.
2026-06-21T09:18:44.0969028Z 
2026-06-21T09:18:44.0969221Z 1. DEFINITIONS. These terms shall have the following meanings:
2026-06-21T09:18:44.0969499Z 
2026-06-21T09:18:44.0970562Z 1.1 “MIPS” shall mean MIPS Technologies, Inc., a Delaware corporation having a principal place of business at: 955 East Arques Ave., Sunnyvale, CA 94085
2026-06-21T09:18:44.0971138Z 
2026-06-21T09:18:44.0971708Z 1.2 “Evaluation Software” shall mean MIPS Android™ emulator system images for Android Software Development Kit (SDK), as made available to Recipient.
2026-06-21T09:18:44.0972272Z 
2026-06-21T09:18:44.0973447Z 1.3 “Evaluation Materials" means, collectively, the Evaluation Software (in source and/or object code form) and documentation (including, without limitation, any design documents, specifications, reference manuals, and other related materials) related to the Evaluation Software as made available to Recipient.
2026-06-21T09:18:44.0974542Z 
2026-06-21T09:18:44.0978608Z 1.4 “Open Source Software” means any software that requires (as a condition of use, modification and/or distribution of such software) that such software or other software incorporated into, derived from or distributed with such software (a) be disclosed or distributed in source code form; or (b) be licensed by the user to third parties for the purpose of making and/or distributing derivative works; or (c) be redistributable at no charge. Open Source Software includes, without limitation, software licensed or distributed under any of the following licenses or distribution models, or licenses or distribution models substantially similar to any of the following: (a) GNU’s General Public License (GPL) or Lesser/Library GPL (LGPL), (b) the Artistic License (e.g., PERL), (c) the Mozilla Public License, (d) the Netscape Public License, (e) the Sun Community Source License (SCSL), (f) the Sun Industry Source License (SISL), (g) the Apache Software license and (h) the Common Public License (CPL).
2026-06-21T09:18:44.0982107Z 
2026-06-21T09:18:44.0983862Z 1.5 “Pre-Release Materials” means “alpha” or “beta” designated pre-release features, which may not be fully functional, which MIPS may substantially modify in producing any production version of the Evaluation Materials, and/or which is still under development by MIPS and/or MIPS’ suppliers.
2026-06-21T09:18:44.0984938Z 
2026-06-21T09:18:44.0987183Z 2. PURPOSE. MIPS desires to make the Evaluation Materials available to Recipient solely for Recipient's internal evaluation of the Evaluation Software to evaluate the desirability of cooperating with MIPS in developing products that are compatible with the Evaluation Software and/or to advise MIPS as to possible modifications to the Evaluation Software. Recipient may not disclose, distribute, modify (except to facilitate the above-mentioned internal evaluation), or make commercial use of the Evaluation Materials or any modifications of the Evaluation Materials.
2026-06-21T09:18:44.0989117Z 
2026-06-21T09:18:44.0990513Z THE EVALUATION MATERIALS ARE PROVIDED FOR EVALUATION PURPOSES ONLY AND MAY NOT BE MODIFIED (EXCEPT TO FACILITATE THE INTERNAL EVALUATION) OR DISTRIBUTED BY RECIPIENT OR INCORPORATED INTO RECIPIENT’S PRODUCTS OR SOFTWARE. PLEASE CONTACT A MIPS SALES REPRESENTATIVE TO LEARN ABOUT THE AVAILABILITY AND COST OF A COMMERCIAL VERSION OF THE EVALUATION SOFTWARE.
2026-06-21T09:18:44.0991746Z 
2026-06-21T09:18:44.0992637Z 3. TITLE. Title to the Evaluation Materials remains with MIPS or its suppliers. Recipient shall not mortgage, pledge or encumber the Evaluation Materials in any way. Recipient shall return all Evaluation Materials, keeping no copies, upon termination or expiration of this Agreement.
2026-06-21T09:18:44.0993614Z 
2026-06-21T09:18:44.0997523Z 4. LICENSE. MIPS grants Recipient a royalty-free, personal, nontransferable, nonexclusive license under its copyrights to use the Evaluation Software only for the purposes described in paragraph 2 above and only for a period beginning on the Effective Date and extending to the first anniversary of the Effective Date (the “Evaluation Period”). Unless otherwise communicated in writing by MIPS to Recipient, to the extent the Evaluation Software is provided in more than one delivery or release (each, a “Release”) the license grant in this Section 4 and the Evaluation Period shall apply to each Release, in which case the Evaluation Period shall begin on the date that the Release is made generally available and continue to the first anniversary of such date. Recipient may not make modifications to the Evaluation Software. Recipient shall not disassemble, reverse-engineer, or decompile any software that is not provided to Recipient in source code form.
2026-06-21T09:18:44.1000924Z 
2026-06-21T09:18:44.1000929Z 
2026-06-21T09:18:44.1001988Z EXCEPT AS PROVIDED HEREIN, NO OTHER LICENSE, EXPRESS OR IMPLIED, BY ESTOPPEL OR OTHERWISE, TO ANY OTHER MIPS INTELLECTUAL PROPERTY RIGHTS IS GRANTED TO THE RECIPIENT. OTHER THAN AS EXPLICITLY SET FORTH IN PARAGRAPH 2 ABOVE, NO RIGHT TO COPY, TO REPRODUCE, TO MODIFY, OR TO CREATE DERIVATIVE WORKS OF, THE EVALUATION MATERIALS IS GRANTED HEREIN.
2026-06-21T09:18:44.1003833Z 
2026-06-21T09:18:44.1005521Z 5. NO OBLIGATION. Recipient shall have no duty to purchase or license any product from MIPS. MIPS and its suppliers shall have no obligation to provide support for, or develop a non-evaluation version of, the Evaluation Software or to license any version of it.
2026-06-21T09:18:44.1006762Z 
2026-06-21T09:18:44.1010656Z 6. MODIFICATIONS. This Agreement does not obligate Recipient to provide MIPS with comments or suggestions regarding Evaluation Materials. However, should Recipient provide MIPS with comments or suggestions for the modification, correction, improvement or enhancement of (a) the Evaluation Materials or (b) MIPS products or processes which may embody the Evaluation Materials, then Recipient agrees to grant and hereby grants to MIPS a non-exclusive, irrevocable, worldwide, fully paid-up, royalty-free license, with the right to sublicense MIPS’ licensees and customers, under Recipient’s Intellectual property rights, to use and disclose such comments and suggestions in any manner MIPS chooses and to display, perform, copy, make, have made, use, sell, offer to sell, import, and otherwise dispose of MIPS’ and its sublicensee’s products embodying such comments and suggestions in any manner and via any media MIPS chooses, without reference to the source.
2026-06-21T09:18:44.1013933Z 
2026-06-21T09:18:44.1015887Z 7. WARRANTY DISCLAIMER. MIPS AND ITS SUPPLIERS MAKE NO WARRANTIES WITH RESPECT TO EVALUATION MATERIALS, EITHER EXPRESS OR IMPLIED, INCLUDING ANY IMPLIED WARRANTIES OF MERCHANTABILITY OR FITNESS FOR A PARTICULAR PURPOSE, OR ANY IMPLIED WARRANTY OF NONINFRINGEMENT WITH RESPECT TO THIRD PARTY INTELLECTUAL PROPERTY. RECIPIENT ACKNOWLEDGES AND AGREES THAT THE EVALUATION MATERIALS ARE PROVIDED “AS IS,” WITHOUT WARRANTY OF ANY KIND.
2026-06-21T09:18:44.1017382Z 
2026-06-21T09:18:44.1019264Z 8. LIMITATION OF LIABILITY. MIPS AND ITS SUPPLIERS SHALL NOT BE LIABLE FOR ANY PROPERTY DAMAGE, PERSONAL INJURY, LOSS OF PROFITS, INTERRUPTION OF BUSINESS OR FOR ANY DIRECT, INDIRECT, SPECIAL, CONSEQUENTIAL OR INCIDENTAL DAMAGES, HOWEVER CAUSED OR ALLEGED, WHETHER FOR BREACH OF WARRANTY, CONTRACT, STRICT LIABILITY OR OTHERWISE, INCLUDING WITHOUT LIMITATION, UNDER TORT OR OTHER LEGAL THEORY. MIPS AND ITS SUPPLIERS DISCLAIM ANY AND ALL LIABILITY, INCLUDING LIABILITY FOR INFRINGEMENT OF ANY INTELLECTUAL PROPERTY RIGHTS OF ANY KIND RELATING TO THE EVALUATION MATERIALS.
2026-06-21T09:18:44.1021225Z 
2026-06-21T09:18:44.1021954Z 9. EXPIRATION. MIPS may terminate this Agreement immediately after a breach by Recipient or otherwise at MIPS’ reasonable discretion and upon five (5) business days’ notice to Recipient.
2026-06-21T09:18:44.1022643Z 
2026-06-21T09:18:44.1022732Z 10. GENERAL.
2026-06-21T09:18:44.1022847Z 
2026-06-21T09:18:44.1026406Z 10.1 Controlling Law. This Agreement shall be governed by California law excluding its choice of law rules. With the exception of MIPS’ rights to enforce its intellectual property rights and any confidentiality obligations under this Agreement or any licenses distributed with the Evaluation Materials, all disputes and any claims arising under or relating to this Agreement shall be subject to the exclusive jurisdiction and venue of the state and federal courts located in Santa Clara County, California. Each party hereby agrees to jurisdiction and venue in the courts set forth in the preceding sentence. The parties agree that the United Nations Convention on Contracts for the International Sale of Goods is specifically excluded from application to this Agreement. The parties consent to the personal jurisdiction of the above courts.
2026-06-21T09:18:44.1029404Z 
2026-06-21T09:18:44.1030976Z 10.2 Remedies. Recipient acknowledges and agrees that any breach of confidentiality obligations under this Agreement or any licenses distributed with the Evaluation Materials, as well as any disclosure, commercialization, or public use of the Evaluation Materials, would cause irreparable injury to MIPS, and therefore Recipient agrees to consent to, and hereby consents to, the grant of an injunction by any court of competent jurisdiction in the event of an actual or threatened breach.
2026-06-21T09:18:44.1032641Z 
2026-06-21T09:18:44.1034664Z 10.3 Assignment. Recipient may not delegate, assign or transfer this Agreement, the license granted or any of Recipient’s rights, obligations, or duties hereunder, expressly, by implication, by operation of law, by way of merger (regardless of whether Recipient is the surviving entity) or acquisition, or otherwise and any attempt to do so, without MIPS’ express prior written consent, shall be ineffective, null and void. MIPS may freely assign this Agreement, and its rights and obligations hereunder, in its sole discretion.
2026-06-21T09:18:44.1036844Z 
2026-06-21T09:18:44.1038479Z 10.4 Entire Agreement. This Agreement constitutes the entire agreement between Recipient and MIPS and supersedes in their entirety any and all oral or written agreements previously existing between Recipient and MIPS with respect to the subject matter hereof. This Agreement may only be amended or supplemented by a writing that refers explicitly to this Agreement and that is signed or otherwise accepted by duly authorized representatives of Recipient and MIPS.
2026-06-21T09:18:44.1040087Z 
2026-06-21T09:18:44.1041562Z 10.5 Severability. In the event that any provision of this Agreement is finally adjudicated to be unenforceable or invalid under any applicable law, such unenforceability or invalidity shall not render this Agreement unenforceable or invalid as a whole, and, in such event, such unenforceable or invalid provision shall be interpreted so as to best accomplish the objectives of such provision within the limits of applicable law or applicable court decisions.
2026-06-21T09:18:44.1043107Z 
2026-06-21T09:18:44.1048024Z 10.6 Export Regulations / Export Control. Recipient shall not export, either directly or indirectly, any product, service or technical data or system incorporating the Evaluation Materials without first obtaining any required license or other necessary approval from the U.S. Department of Commerce or any other governing agency or department of the United States Government. In the event any product is exported from the United States or re-exported from a foreign destination by Recipient, Recipient shall ensure that the distribution and export/re-export or import of the product is in compliance with all applicable laws, regulations, orders, or other restrictions of the U.S. Export Administration Regulations and the appropriate foreign government. Recipient agrees that neither it nor any of its subsidiaries will export/re-export any technical data, process, product, or service, directly or indirectly, to any country for which the United States government or any agency thereof or the foreign government from where it is shipping requires an export license, or other governmental approval, without first obtaining such license or approval. Recipient also agrees to implement measures to ensure that foreign national employees are authorized to receive any information controlled by U.S. export control laws. An export is "deemed" to take place when information is released to a foreign national wherever located.
2026-06-21T09:18:44.1053096Z 
2026-06-21T09:18:44.1057069Z 10.7 Special Terms for Pre-Release Materials. If so indicated in the description of the Evaluation Software, the Evaluation Software may contain Pre-Release Materials. Recipient hereby understands, acknowledges and agrees that: (i) Pre-Release Materials may not be fully tested and may contain bugs or errors; (ii) Pre-Release materials are not suitable for commercial release in their current state; (iii) regulatory approvals for Pre-Release Materials (such as UL or FCC) have not been obtained, and Pre-Release Materials may therefore not be certified for use in certain countries or environments or may not be suitable for certain applications and (iv) MIPS can provide no assurance that it will ever produce or make generally available a production version of the Pre-Release Materials . MIPS is not under any obligation to develop and/or release or offer for sale or license a final product based upon the Pre-Release Materials and may unilaterally elect to abandon the Pre-Release Materials or any such development platform at any time and without any obligation or liability whatsoever to Recipient or any other person.
2026-06-21T09:18:44.1061015Z 
2026-06-21T09:18:44.1061713Z ANY PRE-RELEASE MATERIALS ARE NON-QUALIFIED AND, AS SUCH, ARE PROVIDED “AS IS” AND “AS AVAILABLE”, POSSIBLY WITH FAULTS, AND WITHOUT REPRESENTATION OR WARRANTY OF ANY KIND.
2026-06-21T09:18:44.1062340Z 
2026-06-21T09:18:44.1064562Z 10.8 Open Source Software. In the event Open Source software is included with Evaluation Software, such Open Source software is licensed pursuant to the applicable Open Source software license agreement identified in the Open Source software comments in the applicable source code file(s) and/or file header as indicated in the Evaluation Software. Additional detail may be available (where applicable) in the accompanying on-line documentation. With respect to the Open Source software, nothing in this Agreement limits any rights under, or grants rights that supersede, the terms of any applicable Open Source software license agreement.
2026-06-21T09:18:44.1067151Z ---------------------------------------
2026-06-21T09:18:44.1067468Z Accept? (y/N): All SDK package licenses accepted
2026-06-21T09:18:44.1067687Z 
2026-06-21T09:18:44.1067934Z [command]/usr/local/lib/android/sdk/cmdline-tools/16.0/bin/sdkmanager tools
2026-06-21T09:18:44.8318364Z Loading package information...                                                  
2026-06-21T09:18:44.9368145Z Loading local repository...                                                     
2026-06-21T09:18:44.9368979Z [                                       ] 3% Loading local repository...        
2026-06-21T09:18:44.9462654Z [                                       ] 3% Fetch remote repository...         
2026-06-21T09:18:45.3060057Z [=                                      ] 3% Fetch remote repository...         
2026-06-21T09:18:45.3922716Z [=                                      ] 4% Fetch remote repository...         
2026-06-21T09:18:45.4298012Z [=                                      ] 5% Fetch remote repository...         
2026-06-21T09:18:45.4927645Z [==                                     ] 5% Fetch remote repository...         
2026-06-21T09:18:45.5697584Z [==                                     ] 6% Fetch remote repository...         
2026-06-21T09:18:45.6636436Z [==                                     ] 7% Fetch remote repository...         
2026-06-21T09:18:45.6637493Z [==                                     ] 7% Computing updates...               
2026-06-21T09:18:45.6755990Z [===                                    ] 8% Computing updates...               
2026-06-21T09:18:45.6938060Z [===                                    ] 10% Computing updates...              
2026-06-21T09:18:46.0560440Z [===                                    ] 10% Installing Android Emulator       
2026-06-21T09:18:46.1928011Z [===                                    ] 10% Downloading emulator-linux_x64-155
2026-06-21T09:18:46.2960796Z [====                                   ] 10% Downloading emulator-linux_x64-155
2026-06-21T09:18:46.5354911Z [====                                   ] 11% Downloading emulator-linux_x64-155
2026-06-21T09:18:46.6963894Z [====                                   ] 12% Downloading emulator-linux_x64-155
2026-06-21T09:18:46.7801280Z [=====                                  ] 13% Downloading emulator-linux_x64-155
2026-06-21T09:18:46.8437682Z [=====                                  ] 14% Downloading emulator-linux_x64-155
2026-06-21T09:18:46.8796619Z [=====                                  ] 15% Downloading emulator-linux_x64-155
2026-06-21T09:18:46.9080237Z [======                                 ] 15% Downloading emulator-linux_x64-155
2026-06-21T09:18:46.9695669Z [======                                 ] 16% Downloading emulator-linux_x64-155
2026-06-21T09:18:47.0350550Z [======                                 ] 17% Downloading emulator-linux_x64-155
2026-06-21T09:18:47.1125533Z [=======                                ] 18% Downloading emulator-linux_x64-155
2026-06-21T09:18:47.1916267Z [=======                                ] 19% Downloading emulator-linux_x64-155
2026-06-21T09:18:47.2266086Z [=======                                ] 20% Downloading emulator-linux_x64-155
2026-06-21T09:18:47.2692108Z [========                               ] 20% Downloading emulator-linux_x64-155
2026-06-21T09:18:47.3231754Z [========                               ] 21% Downloading emulator-linux_x64-155
2026-06-21T09:18:47.4088109Z [========                               ] 21% Unzipping...                      
2026-06-21T09:18:47.4089217Z [========                               ] 21% Unzipping... emulator/            
2026-06-21T09:18:47.4090093Z [========                               ] 21% Unzipping... emulator/resources/  
2026-06-21T09:18:47.4526205Z [========                               ] 21% Unzipping... emulator/qsn         
2026-06-21T09:18:47.4641786Z [========                               ] 21% Unzipping... emulator/emulator    
2026-06-21T09:18:47.5492347Z [========                               ] 21% Unzipping... emulator/netsimd     
2026-06-21T09:18:47.6036471Z [========                               ] 22% Unzipping... emulator/netsimd     
2026-06-21T09:18:47.6037326Z [========                               ] 22% Unzipping... emulator/bin64/      
2026-06-21T09:18:47.6038130Z [========                               ] 22% Unzipping... emulator/qemu/       
2026-06-21T09:18:47.6055542Z [========                               ] 22% Unzipping... emulator/NOTICE.txt  
2026-06-21T09:18:47.6242454Z [========                               ] 22% Unzipping... emulator/crashpad_han
2026-06-21T09:18:47.6245019Z [========                               ] 22% Unzipping... emulator/source.prope
2026-06-21T09:18:47.6797863Z [========                               ] 22% Unzipping... emulator/nimble_bridg
2026-06-21T09:18:47.6800840Z [========                               ] 22% Unzipping... emulator/LICENSE     
2026-06-21T09:18:47.6801913Z [========                               ] 22% Unzipping... emulator/lib/        
2026-06-21T09:18:47.6884752Z [========                               ] 22% Unzipping... emulator/qemu-img    
2026-06-21T09:18:47.6886119Z [========                               ] 22% Unzipping... emulator/include/    
2026-06-21T09:18:47.6890927Z [========                               ] 22% Unzipping... emulator/NOTICE.csv  
2026-06-21T09:18:47.6892082Z [========                               ] 22% Unzipping... emulator/lib64/      
2026-06-21T09:18:47.7061443Z [========                               ] 22% Unzipping... emulator/emulator-che
2026-06-21T09:18:47.7254398Z [========                               ] 22% Unzipping... emulator/crashreport 
2026-06-21T09:18:47.7257846Z [========                               ] 22% Unzipping... emulator/mksdcard    
2026-06-21T09:18:47.7450724Z [========                               ] 22% Unzipping... emulator/resources/To
2026-06-21T09:18:47.7466358Z [========                               ] 22% Unzipping... emulator/resources/de
2026-06-21T09:18:47.7601507Z [========                               ] 22% Unzipping... emulator/resources/To
2026-06-21T09:18:47.7602441Z [========                               ] 22% Unzipping... emulator/resources/ma
2026-06-21T09:18:47.7633360Z [========                               ] 22% Unzipping... emulator/resources/de
2026-06-21T09:18:47.7636009Z [========                               ] 22% Unzipping... emulator/resources/sk
2026-06-21T09:18:47.7669462Z [========                               ] 22% Unzipping... emulator/resources/de
2026-06-21T09:18:47.7670487Z [========                               ] 22% Unzipping... emulator/resources/ma
2026-06-21T09:18:47.7682952Z [========                               ] 22% Unzipping... emulator/resources/po
2026-06-21T09:18:47.7800310Z [========                               ] 22% Unzipping... emulator/resources/ma
2026-06-21T09:18:47.7887760Z [========                               ] 22% Unzipping... emulator/resources/sk
2026-06-21T09:18:47.7905449Z [========                               ] 22% Unzipping... emulator/resources/ma
2026-06-21T09:18:47.7953168Z [========                               ] 22% Unzipping... emulator/bin64/e2fsck
2026-06-21T09:18:47.7998671Z [========                               ] 22% Unzipping... emulator/bin64/fsck.e
2026-06-21T09:18:47.8027746Z [========                               ] 22% Unzipping... emulator/bin64/tune2f
2026-06-21T09:18:47.8047414Z [========                               ] 22% Unzipping... emulator/bin64/resize
2026-06-21T09:18:47.8072383Z [========                               ] 22% Unzipping... emulator/bin64/mkfs.e
2026-06-21T09:18:47.8343708Z [========                               ] 22% Unzipping... emulator/qemu/linux-x
2026-06-21T09:18:48.1922840Z [=========                              ] 23% Unzipping... emulator/qemu/linux-x
2026-06-21T09:18:48.5213740Z [=========                              ] 24% Unzipping... emulator/qemu/linux-x
2026-06-21T09:18:48.6788414Z [=========                              ] 25% Unzipping... emulator/qemu/linux-x
2026-06-21T09:18:48.8388938Z [==========                             ] 25% Unzipping... emulator/qemu/linux-x
2026-06-21T09:18:48.8391429Z [==========                             ] 25% Unzipping... emulator/lib/emulator
2026-06-21T09:18:48.8394557Z [==========                             ] 25% Unzipping... emulator/lib/rtc_serv
2026-06-21T09:18:48.8398781Z [==========                             ] 25% Unzipping... emulator/lib/advanced
2026-06-21T09:18:48.8399896Z [==========                             ] 25% Unzipping... emulator/lib/cmake/  
2026-06-21T09:18:48.8403618Z [==========                             ] 25% Unzipping... emulator/lib/emulator
2026-06-21T09:18:48.8407735Z [==========                             ] 25% Unzipping... emulator/lib/control_
2026-06-21T09:18:48.8410525Z [==========                             ] 25% Unzipping... emulator/lib/emulated
2026-06-21T09:18:48.8413174Z [==========                             ] 25% Unzipping... emulator/lib/rtc_serv
2026-06-21T09:18:48.8416601Z [==========                             ] 25% Unzipping... emulator/lib/emu-orig
2026-06-21T09:18:48.8420703Z [==========                             ] 25% Unzipping... emulator/lib/hardware
2026-06-21T09:18:48.8421590Z [==========                             ] 25% Unzipping... emulator/lib/pkgconfi
2026-06-21T09:18:48.8422617Z [==========                             ] 25% Unzipping... emulator/lib/pc-bios/
2026-06-21T09:18:48.8437219Z [==========                             ] 25% Unzipping... emulator/lib/snapshot
2026-06-21T09:18:48.8438399Z [==========                             ] 25% Unzipping... emulator/lib/adb_serv
2026-06-21T09:18:48.8439346Z [==========                             ] 25% Unzipping... emulator/lib/hostapd.
2026-06-21T09:18:48.8440381Z [==========                             ] 25% Unzipping... emulator/lib/grpc_end
2026-06-21T09:18:48.8455625Z [==========                             ] 25% Unzipping... emulator/lib/ca-bundl
2026-06-21T09:18:48.8459675Z [==========                             ] 25% Unzipping... emulator/lib/ui_contr
2026-06-21T09:18:48.8462952Z [==========                             ] 25% Unzipping... emulator/lib/snapshot
2026-06-21T09:18:48.8467023Z [==========                             ] 25% Unzipping... emulator/lib/ice_conf
2026-06-21T09:18:48.8685295Z [==========                             ] 25% Unzipping... emulator/lib/libflatb
2026-06-21T09:18:48.8770826Z [==========                             ] 26% Unzipping... emulator/lib/libflatb
2026-06-21T09:18:48.8778723Z [==========                             ] 26% Unzipping... emulator/lib/emulator
2026-06-21T09:18:48.8782298Z [==========                             ] 26% Unzipping... emulator/lib/waterfal
2026-06-21T09:18:48.8786184Z [==========                             ] 26% Unzipping... emulator/lib/emulated
2026-06-21T09:18:48.8803966Z [==========                             ] 26% Unzipping... emulator/lib/cmake/fl
2026-06-21T09:18:48.8807062Z [==========                             ] 26% Unzipping... emulator/lib/pkgconfi
2026-06-21T09:18:48.9004020Z [==========                             ] 26% Unzipping... emulator/lib/pc-bios/
2026-06-21T09:18:48.9080437Z [==========                             ] 26% Unzipping... emulator/include/flat
2026-06-21T09:18:48.9150829Z [==========                             ] 26% Unzipping... emulator/lib64/libgli
2026-06-21T09:18:48.9283735Z [==========                             ] 26% Unzipping... emulator/lib64/libpro
2026-06-21T09:18:48.9284463Z [==========                             ] 26% Unzipping... emulator/lib64/qt/   
2026-06-21T09:18:48.9672100Z [==========                             ] 26% Unzipping... emulator/lib64/liband
2026-06-21T09:18:49.0349661Z [==========                             ] 26% Unzipping... emulator/lib64/libgfx
2026-06-21T09:18:49.0350321Z [==========                             ] 26% Unzipping... emulator/lib64/gles_l
2026-06-21T09:18:49.0358867Z [==========                             ] 26% Unzipping... emulator/lib64/liband
2026-06-21T09:18:49.0359628Z [==========                             ] 26% Unzipping... emulator/lib64/vulkan
2026-06-21T09:18:49.0360513Z [==========                             ] 26% Unzipping... emulator/lib64/gles_s
2026-06-21T09:18:49.0364015Z [==========                             ] 26% Unzipping... emulator/lib64/libemu
2026-06-21T09:18:49.0482339Z [==========                             ] 26% Unzipping... emulator/lib64/libpro
2026-06-21T09:18:49.1824068Z [==========                             ] 26% Unzipping... emulator/lib64/liband
2026-06-21T09:18:49.1842131Z [==========                             ] 26% Unzipping... emulator/lib64/libtcm
2026-06-21T09:18:49.1845981Z [==========                             ] 26% Unzipping... emulator/lib64/libima
2026-06-21T09:18:49.1909144Z [==========                             ] 26% Unzipping... emulator/lib64/libc++
2026-06-21T09:18:49.2161374Z [==========                             ] 26% Unzipping... emulator/lib64/liband
2026-06-21T09:18:49.2207112Z [==========                             ] 26% Unzipping... emulator/lib64/libabs
2026-06-21T09:18:49.2208160Z [==========                             ] 26% Unzipping... emulator/lib64/gles_a
2026-06-21T09:18:49.2277236Z [==========                             ] 26% Unzipping... emulator/lib64/libsha
2026-06-21T09:18:49.2341798Z [==========                             ] 26% Unzipping... emulator/lib64/libc++
2026-06-21T09:18:49.2342554Z [==========                             ] 26% Unzipping... emulator/lib64/qt/res
2026-06-21T09:18:49.2344384Z [==========                             ] 26% Unzipping... emulator/lib64/qt/lib
2026-06-21T09:18:49.2345519Z [==========                             ] 26% Unzipping... emulator/lib64/qt/tra
2026-06-21T09:18:49.2346469Z [==========                             ] 26% Unzipping... emulator/lib64/qt/plu
2026-06-21T09:18:49.2392464Z [==========                             ] 26% Unzipping... emulator/lib64/qt/res
2026-06-21T09:18:49.3086407Z [==========                             ] 27% Unzipping... emulator/lib64/qt/res
2026-06-21T09:18:49.4019758Z [==========                             ] 27% Unzipping... emulator/lib64/qt/lib
2026-06-21T09:18:49.7796086Z [===========                            ] 28% Unzipping... emulator/lib64/qt/lib
2026-06-21T09:18:50.1616655Z [===========                            ] 29% Unzipping... emulator/lib64/qt/lib
2026-06-21T09:18:50.3348510Z [===========                            ] 30% Unzipping... emulator/lib64/qt/lib
2026-06-21T09:18:50.4831432Z [============                           ] 30% Unzipping... emulator/lib64/qt/lib
2026-06-21T09:18:50.5467966Z [============                           ] 30% Unzipping... emulator/lib64/qt/tra
2026-06-21T09:18:50.5916492Z [============                           ] 31% Unzipping... emulator/lib64/qt/tra
2026-06-21T09:18:50.6035761Z [============                           ] 31% Unzipping... emulator/lib64/qt/plu
2026-06-21T09:18:50.6864504Z [============                           ] 31% Unzipping... emulator/lib64/gles_l
2026-06-21T09:18:50.9162908Z [============                           ] 31% Unzipping... emulator/lib64/vulkan
2026-06-21T09:18:51.2360321Z [============                           ] 32% Unzipping... emulator/lib64/vulkan
2026-06-21T09:18:51.3021465Z [============                           ] 32% Unzipping... emulator/lib64/gles_s
2026-06-21T09:18:51.3594940Z [============                           ] 32% Unzipping... emulator/lib64/gles_a
2026-06-21T09:18:51.4241139Z [=============                          ] 33% Unzipping... emulator/lib64/gles_a
2026-06-21T09:18:51.7087506Z [=====================                  ] 55% Unzipping... emulator/lib64/gles_a
2026-06-21T09:18:51.7380682Z [=====================                  ] 55% Installing Android SDK Tools emula
2026-06-21T09:18:51.7481343Z [=====================                  ] 55% Downloading sdk-tools-linux-433379
2026-06-21T09:18:51.7666317Z [======================                 ] 55% Downloading sdk-tools-linux-433379
2026-06-21T09:18:51.8044404Z [======================                 ] 56% Downloading sdk-tools-linux-433379
2026-06-21T09:18:51.8404367Z [======================                 ] 57% Downloading sdk-tools-linux-433379
2026-06-21T09:18:51.8752383Z [=======================                ] 58% Downloading sdk-tools-linux-433379
2026-06-21T09:18:51.9013686Z [=======================                ] 59% Downloading sdk-tools-linux-433379
2026-06-21T09:18:51.9179875Z [=======================                ] 60% Downloading sdk-tools-linux-433379
2026-06-21T09:18:51.9315537Z [========================               ] 60% Downloading sdk-tools-linux-433379
2026-06-21T09:18:51.9606153Z [========================               ] 61% Downloading sdk-tools-linux-433379
2026-06-21T09:18:51.9906404Z [========================               ] 62% Downloading sdk-tools-linux-433379
2026-06-21T09:18:52.0197148Z [=========================              ] 63% Downloading sdk-tools-linux-433379
2026-06-21T09:18:52.0485845Z [=========================              ] 64% Downloading sdk-tools-linux-433379
2026-06-21T09:18:52.0616426Z [=========================              ] 65% Downloading sdk-tools-linux-433379
2026-06-21T09:18:52.0780521Z [==========================             ] 65% Downloading sdk-tools-linux-433379
2026-06-21T09:18:52.0976551Z [==========================             ] 66% Downloading sdk-tools-linux-433379
2026-06-21T09:18:52.1509263Z [==========================             ] 66% Unzipping... emulator/lib64/gles_a
2026-06-21T09:18:52.1510399Z [==========================             ] 66% Unzipping... tools/               
2026-06-21T09:18:52.1512978Z [==========================             ] 66% Unzipping... tools/proguard/      
2026-06-21T09:18:52.1513918Z [==========================             ] 66% Unzipping... tools/proguard/licens
2026-06-21T09:18:52.1514778Z [==========================             ] 66% Unzipping... tools/proguard/lib/  
2026-06-21T09:18:52.1567003Z [==========================             ] 66% Unzipping... tools/proguard/lib/pr
2026-06-21T09:18:52.1569681Z [==========================             ] 66% Unzipping... tools/proguard/lib/re
2026-06-21T09:18:52.1581488Z [==========================             ] 66% Unzipping... tools/proguard/lib/pr
2026-06-21T09:18:52.1582814Z [==========================             ] 66% Unzipping... tools/proguard/ant/  
2026-06-21T09:18:52.1586706Z [==========================             ] 66% Unzipping... tools/proguard/ant/ta
2026-06-21T09:18:52.1587649Z [==========================             ] 66% Unzipping... tools/proguard/docs/ 
2026-06-21T09:18:52.1589617Z [==========================             ] 66% Unzipping... tools/proguard/docs/f
2026-06-21T09:18:52.1598108Z [==========================             ] 66% Unzipping... tools/proguard/docs/s
2026-06-21T09:18:52.1605210Z [==========================             ] 66% Unzipping... tools/proguard/docs/d
2026-06-21T09:18:52.1606080Z [==========================             ] 66% Unzipping... tools/proguard/docs/s
2026-06-21T09:18:52.1608167Z [==========================             ] 66% Unzipping... tools/proguard/docs/F
2026-06-21T09:18:52.1613094Z [==========================             ] 66% Unzipping... tools/proguard/docs/s
2026-06-21T09:18:52.1615266Z [==========================             ] 66% Unzipping... tools/proguard/docs/l
2026-06-21T09:18:52.1619849Z [==========================             ] 66% Unzipping... tools/proguard/docs/s
2026-06-21T09:18:52.1623755Z [==========================             ] 66% Unzipping... tools/proguard/docs/d
2026-06-21T09:18:52.1630729Z [==========================             ] 66% Unzipping... tools/proguard/docs/s
2026-06-21T09:18:52.1633034Z [==========================             ] 66% Unzipping... tools/proguard/docs/r
2026-06-21T09:18:52.1634594Z [==========================             ] 66% Unzipping... tools/proguard/docs/d
2026-06-21T09:18:52.1637714Z [==========================             ] 66% Unzipping... tools/proguard/docs/t
2026-06-21T09:18:52.1640229Z [==========================             ] 66% Unzipping... tools/proguard/docs/f
2026-06-21T09:18:52.1643610Z [==========================             ] 66% Unzipping... tools/proguard/docs/s
2026-06-21T09:18:52.1648759Z [==========================             ] 66% Unzipping... tools/proguard/docs/t
2026-06-21T09:18:52.1650862Z [==========================             ] 66% Unzipping... tools/proguard/docs/i
2026-06-21T09:18:52.1652996Z [==========================             ] 66% Unzipping... tools/proguard/docs/s
2026-06-21T09:18:52.1654836Z [==========================             ] 66% Unzipping... tools/proguard/docs/m
2026-06-21T09:18:52.1657265Z [==========================             ] 66% Unzipping... tools/proguard/docs/s
2026-06-21T09:18:52.1659519Z [==========================             ] 66% Unzipping... tools/proguard/docs/q
2026-06-21T09:18:52.1663040Z [==========================             ] 66% Unzipping... tools/proguard/docs/G
2026-06-21T09:18:52.1664583Z [==========================             ] 66% Unzipping... tools/proguard/docs/t
2026-06-21T09:18:52.1679670Z [==========================             ] 66% Unzipping... tools/proguard/docs/s
2026-06-21T09:18:52.1737156Z [==========================             ] 66% Unzipping... tools/proguard/docs/m
2026-06-21T09:18:52.1738384Z [==========================             ] 66% Unzipping... tools/proguard/docs/s
2026-06-21T09:18:52.1739542Z [==========================             ] 66% Unzipping... tools/proguard/docs/G
2026-06-21T09:18:52.1740738Z [==========================             ] 66% Unzipping... tools/proguard/docs/c
2026-06-21T09:18:52.1741924Z [==========================             ] 66% Unzipping... tools/proguard/docs/a
2026-06-21T09:18:52.1744896Z [==========================             ] 66% Unzipping... tools/proguard/docs/s
2026-06-21T09:18:52.1747335Z [==========================             ] 66% Unzipping... tools/proguard/docs/d
2026-06-21T09:18:52.1835592Z [==========================             ] 66% Unzipping... tools/proguard/exampl
2026-06-21T09:18:52.1838129Z [==========================             ] 66% Unzipping... tools/proguard/bin/  
2026-06-21T09:18:52.1841800Z [==========================             ] 66% Unzipping... tools/proguard/bin/pr
2026-06-21T09:18:52.1844293Z [==========================             ] 66% Unzipping... tools/proguard/bin/re
2026-06-21T09:18:52.1846910Z [==========================             ] 66% Unzipping... tools/proguard/README
2026-06-21T09:18:52.1853855Z [==========================             ] 66% Unzipping... tools/proguard/progua
2026-06-21T09:18:52.1854877Z [==========================             ] 66% Unzipping... tools/lib/           
2026-06-21T09:18:52.1889402Z [==========================             ] 66% Unzipping... tools/lib/bcpkix-jdk1
2026-06-21T09:18:52.1898285Z [==========================             ] 66% Unzipping... tools/lib/org-eclipse
2026-06-21T09:18:52.1909986Z [==========================             ] 66% Unzipping... tools/lib/manifest-me
2026-06-21T09:18:52.1917260Z [==========================             ] 66% Unzipping... tools/lib/jcommander-
2026-06-21T09:18:52.1930404Z [==========================             ] 66% Unzipping... tools/lib/gson-2.3.ja
2026-06-21T09:18:52.1938073Z [==========================             ] 66% Unzipping... tools/lib/ddms-26.0.0
2026-06-21T09:18:52.1939086Z [==========================             ] 66% Unzipping... tools/lib/asm-tree-5.
2026-06-21T09:18:52.1984985Z [==========================             ] 66% Unzipping... tools/lib/uast-26.0.0
2026-06-21T09:18:52.1993956Z [==========================             ] 66% Unzipping... tools/lib/dexlib2-2.2
2026-06-21T09:18:52.2033049Z [==========================             ] 67% Unzipping... tools/lib/dexlib2-2.2
2026-06-21T09:18:52.2036170Z [==========================             ] 67% Unzipping... tools/lib/android.el 
2026-06-21T09:18:52.2042596Z [==========================             ] 67% Unzipping... tools/lib/apkanalyzer
2026-06-21T09:18:52.2170179Z [==========================             ] 67% Unzipping... tools/lib/guava-22.0.
2026-06-21T09:18:52.2198124Z [==========================             ] 67% Unzipping... tools/lib/lint-api-26
2026-06-21T09:18:52.2208427Z [==========================             ] 67% Unzipping... tools/lib/baksmali-2.
2026-06-21T09:18:52.2212834Z [==========================             ] 67% Unzipping... tools/lib/shared.jar 
2026-06-21T09:18:52.2217340Z [==========================             ] 67% Unzipping... tools/lib/jsr305-1.3.
2026-06-21T09:18:52.2240698Z [==========================             ] 67% Unzipping... tools/lib/httpclient-
2026-06-21T09:18:52.2346485Z [==========================             ] 67% Unzipping... tools/lib/ecj-4.6.1.j
2026-06-21T09:18:52.2351085Z [==========================             ] 67% Unzipping... tools/lib/jobb-26.0.0
2026-06-21T09:18:52.2368742Z [==========================             ] 67% Unzipping... tools/lib/jcommon-1.0
2026-06-21T09:18:52.2373141Z [==========================             ] 67% Unzipping... tools/lib/kxml2-2.3.0
2026-06-21T09:18:52.2436512Z [==========================             ] 67% Unzipping... tools/lib/jfreechart-
2026-06-21T09:18:52.2449261Z [==========================             ] 67% Unzipping... tools/lib/common-26.0
2026-06-21T09:18:52.2502011Z [==========================             ] 67% Unzipping... tools/lib/lint-checks
2026-06-21T09:18:52.2615320Z [==========================             ] 67% Unzipping... tools/lib/kotlin-refl
2026-06-21T09:18:52.2619261Z [==========================             ] 67% Unzipping... tools/lib/builder-mod
2026-06-21T09:18:52.2666482Z [==========================             ] 67% Unzipping... tools/lib/sdklib-26.0
2026-06-21T09:18:52.2673740Z [==========================             ] 67% Unzipping... tools/lib/layoutlib-a
2026-06-21T09:18:52.2677090Z [==========================             ] 67% Unzipping... tools/lib/annotations
2026-06-21T09:18:52.2685340Z [==========================             ] 67% Unzipping... tools/lib/fat32lib.ja
2026-06-21T09:18:52.2687797Z [==========================             ] 67% Unzipping... tools/lib/jsr305-3.0.
2026-06-21T09:18:52.2743493Z [==========================             ] 67% Unzipping... tools/lib/org-eclipse
2026-06-21T09:18:52.2744243Z [==========================             ] 67% Unzipping... tools/lib/error_prone
2026-06-21T09:18:52.2761174Z [==========================             ] 67% Unzipping... tools/lib/org-eclipse
2026-06-21T09:18:52.2761893Z [==========================             ] 67% Unzipping... tools/lib/animal-snif
2026-06-21T09:18:52.2784942Z [==========================             ] 67% Unzipping... tools/lib/asset-studi
2026-06-21T09:18:52.2811774Z [===========================            ] 68% Unzipping... tools/lib/asset-studi
2026-06-21T09:18:52.2824666Z [===========================            ] 68% Unzipping... tools/lib/repository-
2026-06-21T09:18:52.2828709Z [===========================            ] 68% Unzipping... tools/lib/dvlib-26.0.
2026-06-21T09:18:52.2857094Z [===========================            ] 68% Unzipping... tools/lib/jsilver-1.0
2026-06-21T09:18:52.2862241Z [===========================            ] 68% Unzipping... tools/lib/asm-5.1.jar
2026-06-21T09:18:52.2865287Z [===========================            ] 68% Unzipping... tools/lib/devices.xml
2026-06-21T09:18:52.2868660Z [===========================            ] 68% Unzipping... tools/lib/asm-analysi
2026-06-21T09:18:52.2896978Z [===========================            ] 68% Unzipping... tools/lib/hierarchyvi
2026-06-21T09:18:52.2897719Z [===========================            ] 68% Unzipping... tools/lib/monkeyrunne
2026-06-21T09:18:52.2905478Z [===========================            ] 68% Unzipping... tools/lib/uiautomator
2026-06-21T09:18:52.2906351Z [===========================            ] 68% Unzipping... tools/lib/archquery-2
2026-06-21T09:18:52.2909610Z [===========================            ] 68% Unzipping... tools/lib/chimpchat-2
2026-06-21T09:18:52.2912244Z [===========================            ] 68% Unzipping... tools/lib/explainer.j
2026-06-21T09:18:52.2940199Z [===========================            ] 68% Unzipping... tools/lib/ddmlib-26.0
2026-06-21T09:18:52.2941377Z [===========================            ] 68% Unzipping... tools/lib/swtmenubar-
2026-06-21T09:18:52.3014246Z [===========================            ] 68% Unzipping... tools/lib/osgi-4.0.0.
2026-06-21T09:18:52.3048821Z [===========================            ] 68% Unzipping... tools/lib/x86_64/    
2026-06-21T09:18:52.3096614Z [===========================            ] 68% Unzipping... tools/lib/x86_64/swt.
2026-06-21T09:18:52.3509615Z [===========================            ] 68% Unzipping... tools/lib/monitor-x86
2026-06-21T09:18:52.4255977Z [===========================            ] 69% Unzipping... tools/lib/monitor-x86
2026-06-21T09:18:52.4827853Z [===========================            ] 70% Unzipping... tools/lib/monitor-x86
2026-06-21T09:18:52.5308520Z [============================           ] 70% Unzipping... tools/lib/monitor-x86
2026-06-21T09:18:52.6841884Z [============================           ] 71% Unzipping... tools/lib/monitor-x86
2026-06-21T09:18:52.6845897Z [============================           ] 71% Unzipping... tools/lib/httpmime-4.
2026-06-21T09:18:52.6846917Z [============================           ] 71% Unzipping... tools/lib/annotations
2026-06-21T09:18:52.6859798Z [============================           ] 71% Unzipping... tools/lib/lint-26.0.0
2026-06-21T09:18:52.6865675Z [============================           ] 71% Unzipping... tools/lib/apkanalyzer
2026-06-21T09:18:52.6875930Z [============================           ] 71% Unzipping... tools/lib/binary-reso
2026-06-21T09:18:52.6877733Z [============================           ] 71% Unzipping... tools/lib/jopt-simple
2026-06-21T09:18:52.6883254Z [============================           ] 71% Unzipping... tools/lib/util-2.2.1.
2026-06-21T09:18:52.6899757Z [============================           ] 71% Unzipping... tools/lib/ddmuilib-26
2026-06-21T09:18:52.6913993Z [============================           ] 72% Unzipping... tools/lib/ddmuilib-26
2026-06-21T09:18:52.6959086Z [============================           ] 72% Unzipping... tools/lib/sdk-common-
2026-06-21T09:18:52.6967719Z [============================           ] 72% Unzipping... tools/lib/traceview-2
2026-06-21T09:18:52.6980622Z [============================           ] 72% Unzipping... tools/lib/httpcore-4.
2026-06-21T09:18:52.6983003Z [============================           ] 72% Unzipping... tools/lib/screenshot2
2026-06-21T09:18:52.6995053Z [============================           ] 72% Unzipping... tools/lib/commons-cod
2026-06-21T09:18:52.6997364Z [============================           ] 72% Unzipping... tools/lib/proguard-pr
2026-06-21T09:18:52.7533232Z [============================           ] 72% Unzipping... tools/lib/jython-stan
2026-06-21T09:18:52.7582364Z [=============================          ] 73% Unzipping... tools/lib/jython-stan
2026-06-21T09:18:52.7585892Z [=============================          ] 73% Unzipping... tools/lib/annotations
2026-06-21T09:18:52.7591321Z [=============================          ] 73% Unzipping... tools/lib/commons-log
2026-06-21T09:18:52.7654265Z [=============================          ] 73% Unzipping... tools/lib/protobuf-ja
2026-06-21T09:18:52.7659009Z [=============================          ] 73% Unzipping... tools/lib/fakeadbserv
2026-06-21T09:18:52.7803468Z [=============================          ] 73% Unzipping... tools/lib/bcprov-jdk1
2026-06-21T09:18:52.7804398Z [=============================          ] 73% Unzipping... tools/lib/x86/       
2026-06-21T09:18:52.7868562Z [=============================          ] 73% Unzipping... tools/lib/x86/swt.jar
2026-06-21T09:18:52.7910829Z [=============================          ] 73% Unzipping... tools/lib/kotlin-stdl
2026-06-21T09:18:52.7933746Z [=============================          ] 73% Unzipping... tools/lib/commons-com
2026-06-21T09:18:52.7968416Z [=============================          ] 73% Unzipping... tools/lib/lombok-ast-
2026-06-21T09:18:52.7996881Z [=============================          ] 73% Unzipping... tools/lib/trove4j-201
2026-06-21T09:18:52.8219884Z [=============================          ] 73% Unzipping... tools/lib/intellij-co
2026-06-21T09:18:52.8360763Z [=============================          ] 74% Unzipping... tools/lib/intellij-co
2026-06-21T09:18:52.8372723Z [=============================          ] 74% Unzipping... tools/lib/jimfs-1.1.j
2026-06-21T09:18:52.8375629Z [=============================          ] 74% Unzipping... tools/lib/j2objc-anno
2026-06-21T09:18:52.8382027Z [=============================          ] 74% Unzipping... tools/lib/jfreechart-
2026-06-21T09:18:52.8826256Z [=============================          ] 74% Unzipping... tools/lib/monitor-x86
2026-06-21T09:18:52.9212949Z [=============================          ] 75% Unzipping... tools/lib/monitor-x86
2026-06-21T09:18:52.9566789Z [==============================         ] 75% Unzipping... tools/lib/monitor-x86
2026-06-21T09:18:53.0417503Z [==============================         ] 76% Unzipping... tools/lib/monitor-x86
2026-06-21T09:18:53.1939265Z [==============================         ] 77% Unzipping... tools/lib/monitor-x86
2026-06-21T09:18:53.1944021Z [==============================         ] 77% Unzipping... tools/lib/generator.j
2026-06-21T09:18:53.1945639Z [==============================         ] 77% Unzipping... tools/source.properti
2026-06-21T09:18:53.1946456Z [==============================         ] 77% Unzipping... tools/bin/           
2026-06-21T09:18:53.1949344Z [==============================         ] 77% Unzipping... tools/bin/avdmanager 
2026-06-21T09:18:53.1952130Z [==============================         ] 77% Unzipping... tools/bin/jobb       
2026-06-21T09:18:53.1954900Z [==============================         ] 77% Unzipping... tools/bin/uiautomator
2026-06-21T09:18:53.1959000Z [==============================         ] 77% Unzipping... tools/bin/apkanalyzer
2026-06-21T09:18:53.1961493Z [==============================         ] 77% Unzipping... tools/bin/monkeyrunne
2026-06-21T09:18:53.1963760Z [==============================         ] 77% Unzipping... tools/bin/archquery  
2026-06-21T09:18:53.1966521Z [==============================         ] 77% Unzipping... tools/bin/sdkmanager 
2026-06-21T09:18:53.1968996Z [==============================         ] 77% Unzipping... tools/bin/lint       
2026-06-21T09:18:53.1971715Z [==============================         ] 77% Unzipping... tools/bin/screenshot2
2026-06-21T09:18:53.1994170Z [==============================         ] 77% Unzipping... tools/NOTICE.txt     
2026-06-21T09:18:53.2029552Z [==============================         ] 77% Unzipping... tools/emulator       
2026-06-21T09:18:53.2053197Z [==============================         ] 77% Unzipping... tools/emulator-check 
2026-06-21T09:18:53.2056028Z [==============================         ] 77% Unzipping... tools/monitor        
2026-06-21T09:18:53.2057887Z [==============================         ] 77% Unzipping... tools/android        
2026-06-21T09:18:53.2063756Z [==============================         ] 77% Unzipping... tools/mksdcard       
2026-06-21T09:18:53.2064201Z [==============================         ] 77% Unzipping... tools/support/       
2026-06-21T09:18:53.2068012Z [==============================         ] 77% Unzipping... tools/support/typos-d
2026-06-21T09:18:53.2071598Z [==============================         ] 77% Unzipping... tools/support/typos-e
2026-06-21T09:18:53.2073278Z [==============================         ] 77% Unzipping... tools/support/annotat
2026-06-21T09:18:53.2081399Z [==============================         ] 77% Unzipping... tools/support/typos-e
2026-06-21T09:18:53.2084848Z [==============================         ] 77% Unzipping... tools/support/typos-t
2026-06-21T09:18:53.2089644Z [==============================         ] 77% Unzipping... tools/support/typos-p
2026-06-21T09:18:53.2093049Z [==============================         ] 77% Unzipping... tools/support/typos-i
2026-06-21T09:18:53.2096859Z [==============================         ] 77% Unzipping... tools/support/typos-n
2026-06-21T09:18:53.2099899Z [==============================         ] 77% Unzipping... tools/support/typos-h
2026-06-21T09:18:53.2382904Z [==============================         ] 78% Unzipping... tools/support/typos-h
2026-06-21T09:18:53.2383678Z [=======================================] 100% Unzipping... tools/support/typos-
2026-06-21T09:18:53.2437051Z 
2026-06-21T09:18:53.2596737Z [command]/usr/local/lib/android/sdk/cmdline-tools/16.0/bin/sdkmanager platform-tools
2026-06-21T09:18:54.0563124Z Loading package information...                                                  
2026-06-21T09:18:54.1575921Z Loading local repository...                                                     
2026-06-21T09:18:54.1577731Z [                                       ] 3% Loading local repository...        
2026-06-21T09:18:54.1677145Z [                                       ] 3% Fetch remote repository...         
2026-06-21T09:18:54.4408644Z [=                                      ] 3% Fetch remote repository...         
2026-06-21T09:18:54.4996369Z [=                                      ] 4% Fetch remote repository...         
2026-06-21T09:18:54.5209166Z [=                                      ] 5% Fetch remote repository...         
2026-06-21T09:18:54.5750994Z [==                                     ] 5% Fetch remote repository...         
2026-06-21T09:18:54.6398363Z [==                                     ] 6% Fetch remote repository...         
2026-06-21T09:18:54.6906820Z [==                                     ] 7% Fetch remote repository...         
2026-06-21T09:18:54.6936383Z [==                                     ] 7% Computing updates...               
2026-06-21T09:18:54.7056213Z [===                                    ] 8% Computing updates...               
2026-06-21T09:18:54.7117140Z [===                                    ] 10% Computing updates...              
2026-06-21T09:18:54.7135949Z [=======================================] 100% Computing updates...             
2026-06-21T09:18:54.7145621Z 
2026-06-21T09:18:54.7479333Z ##[group]Run echo "sdk.dir=$ANDROID_HOME" > local.properties
2026-06-21T09:18:54.7479885Z [36;1mecho "sdk.dir=$ANDROID_HOME" > local.properties[0m
2026-06-21T09:18:54.7690721Z shell: /usr/bin/bash -e {0}
2026-06-21T09:18:54.7691010Z env:
2026-06-21T09:18:54.7691359Z   JAVA_HOME: /opt/hostedtoolcache/Java_Temurin-Hotspot_jdk/17.0.19-10/x64
2026-06-21T09:18:54.7691932Z   JAVA_HOME_17_X64: /opt/hostedtoolcache/Java_Temurin-Hotspot_jdk/17.0.19-10/x64
2026-06-21T09:18:54.7692377Z   ANDROID_HOME: /usr/local/lib/android/sdk
2026-06-21T09:18:54.7692707Z   ANDROID_SDK_ROOT: /usr/local/lib/android/sdk
2026-06-21T09:18:54.7693016Z ##[endgroup]
2026-06-21T09:18:54.7802474Z ##[group]Run chmod +x gradlew
2026-06-21T09:18:54.7802766Z [36;1mchmod +x gradlew[0m
2026-06-21T09:18:54.7834114Z shell: /usr/bin/bash -e {0}
2026-06-21T09:18:54.7834384Z env:
2026-06-21T09:18:54.7834702Z   JAVA_HOME: /opt/hostedtoolcache/Java_Temurin-Hotspot_jdk/17.0.19-10/x64
2026-06-21T09:18:54.7835474Z   JAVA_HOME_17_X64: /opt/hostedtoolcache/Java_Temurin-Hotspot_jdk/17.0.19-10/x64
2026-06-21T09:18:54.7835896Z   ANDROID_HOME: /usr/local/lib/android/sdk
2026-06-21T09:18:54.7836204Z   ANDROID_SDK_ROOT: /usr/local/lib/android/sdk
2026-06-21T09:18:54.7836499Z ##[endgroup]
2026-06-21T09:18:54.7939572Z ##[group]Run ./gradlew assembleDebug
2026-06-21T09:18:54.7939904Z [36;1m./gradlew assembleDebug[0m
2026-06-21T09:18:54.7970998Z shell: /usr/bin/bash -e {0}
2026-06-21T09:18:54.7971255Z env:
2026-06-21T09:18:54.7971586Z   JAVA_HOME: /opt/hostedtoolcache/Java_Temurin-Hotspot_jdk/17.0.19-10/x64
2026-06-21T09:18:54.7972103Z   JAVA_HOME_17_X64: /opt/hostedtoolcache/Java_Temurin-Hotspot_jdk/17.0.19-10/x64
2026-06-21T09:18:54.7972540Z   ANDROID_HOME: /usr/local/lib/android/sdk
2026-06-21T09:18:54.7972846Z   ANDROID_SDK_ROOT: /usr/local/lib/android/sdk
2026-06-21T09:18:54.7973144Z ##[endgroup]
2026-06-21T09:18:54.8937344Z Downloading https://services.gradle.org/distributions/gradle-8.9-bin.zip
2026-06-21T09:18:56.3540082Z ............10%.............20%.............30%.............40%.............50%.............60%.............70%.............80%.............90%.............100%
2026-06-21T09:18:57.5219717Z 
2026-06-21T09:18:57.5221351Z Welcome to Gradle 8.9!
2026-06-21T09:18:57.5221925Z 
2026-06-21T09:18:57.5222735Z Here are the highlights of this release:
2026-06-21T09:18:57.5223870Z  - Enhanced Error and Warning Messages
2026-06-21T09:18:57.5227630Z  - IDE Integration Improvements
2026-06-21T09:18:57.5228510Z  - Daemon JVM Information
2026-06-21T09:18:57.5228956Z 
2026-06-21T09:18:57.5230886Z For more details see https://docs.gradle.org/8.9/release-notes.html
2026-06-21T09:18:57.5231546Z 
2026-06-21T09:18:57.7227757Z Starting a Gradle Daemon (subsequent builds will be faster)
2026-06-21T09:19:56.8236961Z > Task :app:preBuild UP-TO-DATE
2026-06-21T09:19:56.8256560Z > Task :app:preDebugBuild UP-TO-DATE
2026-06-21T09:19:56.8257558Z > Task :app:mergeDebugNativeDebugMetadata NO-SOURCE
2026-06-21T09:19:56.8258810Z > Task :app:checkKotlinGradlePluginConfigurationErrors SKIPPED
2026-06-21T09:20:09.0229812Z > Task :app:generateDebugResValues
2026-06-21T09:20:09.1234394Z 
2026-06-21T09:20:09.1235776Z FAILURE: Build failed with an exception.
2026-06-21T09:20:09.1236426Z 
2026-06-21T09:20:09.1236838Z * What went wrong:
2026-06-21T09:20:09.1237682Z Execution failed for task ':app:checkDebugAarMetadata'.
2026-06-21T09:20:09.1239097Z > A failure occurred while executing com.android.build.gradle.internal.tasks.CheckAarMetadataWorkAction
2026-06-21T09:20:09.1240437Z    > 2 issues were found when checking AAR metadata:
2026-06-21T09:20:09.1241037Z      
2026-06-21T09:20:09.1241954Z        1.  Dependency 'io.github.libxposed:service:102.0.0' requires libraries and applications that
2026-06-21T09:20:09.1243024Z            depend on it to compile against version 37 or later of the
2026-06-21T09:20:09.1244129Z            Android APIs.
2026-06-21T09:20:09.1244607Z      
2026-06-21T09:20:09.1245513Z            :app is currently compiled against android-35.
2026-06-21T09:20:09.1246322Z > Task :app:checkDebugAarMetadata FAILED
2026-06-21T09:20:09.1247035Z      
2026-06-21T09:20:09.1247926Z            Also, the maximum recommended compile SDK version for Android Gradle
2026-06-21T09:20:09.1248899Z            plugin 8.7.3 is 35.
2026-06-21T09:20:09.1249514Z      
2026-06-21T09:20:09.1250452Z            Recommended action: Update this project's version of the Android Gradle
2026-06-21T09:20:09.1251701Z            plugin to one that supports 37, then update this project to use
2026-06-21T09:20:09.1252519Z > Task :app:mapDebugSourceSetPaths
2026-06-21T09:20:09.1253102Z 3 actionable tasks: 3 executed
2026-06-21T09:20:09.1253869Z            compileSdk of at least 37.
2026-06-21T09:20:09.1254514Z      
2026-06-21T09:20:09.1255653Z            Note that updating a library or application's compileSdk (which
2026-06-21T09:20:09.1256946Z            allows newer APIs to be used) can be done separately from updating
2026-06-21T09:20:09.1258121Z            targetSdk (which opts the app in to new runtime behavior) and
2026-06-21T09:20:09.1259272Z            minSdk (which determines which devices the app can be installed
2026-06-21T09:20:09.1260116Z            on).
2026-06-21T09:20:09.1260623Z      
2026-06-21T09:20:09.1262023Z        2.  Dependency 'io.github.libxposed:interface:102.0.0' requires libraries and applications that
2026-06-21T09:20:09.1263422Z            depend on it to compile against version 37 or later of the
2026-06-21T09:20:09.1264427Z            Android APIs.
2026-06-21T09:20:09.1265006Z      
2026-06-21T09:20:09.1266037Z            :app is currently compiled against android-35.
2026-06-21T09:20:09.1266784Z      
2026-06-21T09:20:09.1267690Z            Also, the maximum recommended compile SDK version for Android Gradle
2026-06-21T09:20:09.1268633Z            plugin 8.7.3 is 35.
2026-06-21T09:20:09.1269216Z      
2026-06-21T09:20:09.1270144Z            Recommended action: Update this project's version of the Android Gradle
2026-06-21T09:20:09.1271362Z            plugin to one that supports 37, then update this project to use
2026-06-21T09:20:09.1272299Z            compileSdk of at least 37.
2026-06-21T09:20:09.1272934Z      
2026-06-21T09:20:09.1273855Z            Note that updating a library or application's compileSdk (which
2026-06-21T09:20:09.1275316Z            allows newer APIs to be used) can be done separately from updating
2026-06-21T09:20:09.1276559Z            targetSdk (which opts the app in to new runtime behavior) and
2026-06-21T09:20:09.1277740Z            minSdk (which determines which devices the app can be installed
2026-06-21T09:20:09.1278645Z            on).
2026-06-21T09:20:09.1279046Z 
2026-06-21T09:20:09.1279343Z * Try:
2026-06-21T09:20:09.1280068Z > Run with --stacktrace option to get the stack trace.
2026-06-21T09:20:09.1281076Z > Run with --info or --debug option to get more log output.
2026-06-21T09:20:09.1281978Z > Run with --scan to get full insights.
2026-06-21T09:20:09.1282796Z > Get more help at https://help.gradle.org.
2026-06-21T09:20:09.1283340Z 
2026-06-21T09:20:09.1283727Z BUILD FAILED in 1m 14s
2026-06-21T09:20:09.5998209Z ##[error]Process completed with exit code 1.
2026-06-21T09:20:09.6138594Z Node 20 is being deprecated. This workflow is running with Node 24 by default. If you need to temporarily use Node 20, you can set the ACTIONS_ALLOW_USE_UNSECURE_NODE_VERSION=true environment variable. For more information see: https://github.blog/changelog/2025-09-19-deprecation-of-node-20-on-github-actions-runners/
2026-06-21T09:20:09.6139865Z Post job cleanup.
2026-06-21T09:20:09.7410464Z (node:2675) [DEP0040] DeprecationWarning: The `punycode` module is deprecated. Please use a userland alternative instead.
2026-06-21T09:20:09.7411303Z (Use `node --trace-deprecation ...` to show where the warning was created)
2026-06-21T09:20:09.7612586Z Node 20 is being deprecated. This workflow is running with Node 24 by default. If you need to temporarily use Node 20, you can set the ACTIONS_ALLOW_USE_UNSECURE_NODE_VERSION=true environment variable. For more information see: https://github.blog/changelog/2025-09-19-deprecation-of-node-20-on-github-actions-runners/
2026-06-21T09:20:09.7614073Z Post job cleanup.
2026-06-21T09:20:09.8641829Z [command]/usr/bin/git version
2026-06-21T09:20:09.8679758Z git version 2.54.0
2026-06-21T09:20:09.8719799Z Temporarily overriding HOME='/home/runner/work/_temp/9ac45fba-ed16-4385-8d0c-3c1cd3745f90' before making global git config changes
2026-06-21T09:20:09.8721434Z Adding repository directory to the temporary git global config as a safe directory
2026-06-21T09:20:09.8725214Z [command]/usr/bin/git config --global --add safe.directory /home/runner/work/athena/athena
2026-06-21T09:20:09.8763969Z [command]/usr/bin/git config --local --name-only --get-regexp core\.sshCommand
2026-06-21T09:20:09.8802841Z [command]/usr/bin/git submodule foreach --recursive sh -c "git config --local --name-only --get-regexp 'core\.sshCommand' && git config --local --unset-all 'core.sshCommand' || :"
2026-06-21T09:20:09.9040125Z [command]/usr/bin/git config --local --name-only --get-regexp http\.https\:\/\/github\.com\/\.extraheader
2026-06-21T09:20:09.9068838Z http.https://github.com/.extraheader
2026-06-21T09:20:09.9080151Z [command]/usr/bin/git config --local --unset-all http.https://github.com/.extraheader
2026-06-21T09:20:09.9113799Z [command]/usr/bin/git submodule foreach --recursive sh -c "git config --local --name-only --get-regexp 'http\.https\:\/\/github\.com\/\.extraheader' && git config --local --unset-all 'http.https://github.com/.extraheader' || :"
2026-06-21T09:20:09.9337175Z [command]/usr/bin/git config --local --name-only --get-regexp ^includeIf\.gitdir:
2026-06-21T09:20:09.9370952Z [command]/usr/bin/git submodule foreach --recursive git config --local --show-origin --name-only --get-regexp remote.origin.url
2026-06-21T09:20:09.9729860Z Cleaning up orphan processes
2026-06-21T09:20:10.0118879Z Terminate orphan process: pid (2518) (java)
2026-06-21T09:20:10.0135410Z ##[warning]Node.js 20 is deprecated. The following actions target Node.js 20 but are being forced to run on Node.js 24: actions/checkout@v4, actions/setup-java@v4, android-actions/setup-android@v3. For more information see: https://github.blog/changelog/2025-09-19-deprecation-of-node-20-on-github-actions-runners/
